Component: ARM Compiler 5.06 (build 20) Tool: armlink [4d35a3]

==============================================================================

Section Cross References

    frogger.o(i.bigboisquare) refers to glcd_lpc1700.o(i.GLCD_SetTextColor) for GLCD_SetTextColor
    frogger.o(i.bigboisquare) refers to dflt_clz.o(x$fpl$dflt) for __aeabi_i2d
    frogger.o(i.bigboisquare) refers to dmul.o(x$fpl$dmul) for __aeabi_dmul
    frogger.o(i.bigboisquare) refers to daddsub_clz.o(x$fpl$dsub) for __aeabi_dsub
    frogger.o(i.bigboisquare) refers to dfix.o(x$fpl$dfix) for __aeabi_d2iz
    frogger.o(i.bigboisquare) refers to ddiv.o(x$fpl$ddiv) for __aeabi_ddiv
    frogger.o(i.bigboisquare) refers to glcd_lpc1700.o(i.GLCD_PutPixel) for GLCD_PutPixel
    frogger.o(i.bigboisquare) refers to daddsub_clz.o(x$fpl$dadd) for __aeabi_dadd
    frogger.o(i.bigboisquare) refers to dleqf.o(x$fpl$dleqf) for __aeabi_cdcmple
    frogger.o(i.biglogs) refers to glcd_lpc1700.o(i.GLCD_SetTextColor) for GLCD_SetTextColor
    frogger.o(i.biglogs) refers to dflt_clz.o(x$fpl$dflt) for __aeabi_i2d
    frogger.o(i.biglogs) refers to ddiv.o(x$fpl$ddiv) for __aeabi_ddiv
    frogger.o(i.biglogs) refers to daddsub_clz.o(x$fpl$dsub) for __aeabi_dsub
    frogger.o(i.biglogs) refers to dfix.o(x$fpl$dfix) for __aeabi_d2iz
    frogger.o(i.biglogs) refers to glcd_lpc1700.o(i.GLCD_PutPixel) for GLCD_PutPixel
    frogger.o(i.biglogs) refers to daddsub_clz.o(x$fpl$dadd) for __aeabi_dadd
    frogger.o(i.biglogs) refers to dleqf.o(x$fpl$dleqf) for __aeabi_cdcmple
    frogger.o(i.bigturtle) refers to glcd_lpc1700.o(i.GLCD_SetTextColor) for GLCD_SetTextColor
    frogger.o(i.bigturtle) refers to dflt_clz.o(x$fpl$dflt) for __aeabi_i2d
    frogger.o(i.bigturtle) refers to ddiv.o(x$fpl$ddiv) for __aeabi_ddiv
    frogger.o(i.bigturtle) refers to daddsub_clz.o(x$fpl$dsub) for __aeabi_dsub
    frogger.o(i.bigturtle) refers to dfix.o(x$fpl$dfix) for __aeabi_d2iz
    frogger.o(i.bigturtle) refers to glcd_lpc1700.o(i.GLCD_PutPixel) for GLCD_PutPixel
    frogger.o(i.bigturtle) refers to daddsub_clz.o(x$fpl$dadd) for __aeabi_dadd
    frogger.o(i.bigturtle) refers to dleqf.o(x$fpl$dleqf) for __aeabi_cdcmple
    frogger.o(i.cars) refers to glcd_lpc1700.o(i.GLCD_SetTextColor) for GLCD_SetTextColor
    frogger.o(i.cars) refers to dflt_clz.o(x$fpl$dflt) for __aeabi_i2d
    frogger.o(i.cars) refers to dmul.o(x$fpl$dmul) for __aeabi_dmul
    frogger.o(i.cars) refers to daddsub_clz.o(x$fpl$dsub) for __aeabi_dsub
    frogger.o(i.cars) refers to dfix.o(x$fpl$dfix) for __aeabi_d2iz
    frogger.o(i.cars) refers to ddiv.o(x$fpl$ddiv) for __aeabi_ddiv
    frogger.o(i.cars) refers to glcd_lpc1700.o(i.GLCD_PutPixel) for GLCD_PutPixel
    frogger.o(i.cars) refers to daddsub_clz.o(x$fpl$dadd) for __aeabi_dadd
    frogger.o(i.cars) refers to dleqf.o(x$fpl$dleqf) for __aeabi_cdcmple
    frogger.o(i.collision) refers to dflt_clz.o(x$fpl$dflt) for __aeabi_i2d
    frogger.o(i.collision) refers to dmul.o(x$fpl$dmul) for __aeabi_dmul
    frogger.o(i.collision) refers to daddsub_clz.o(x$fpl$dsub) for __aeabi_dsub
    frogger.o(i.collision) refers to dfix.o(x$fpl$dfix) for __aeabi_d2iz
    frogger.o(i.collision) refers to ddiv.o(x$fpl$ddiv) for __aeabi_ddiv
    frogger.o(i.collision) refers to daddsub_clz.o(x$fpl$dadd) for __aeabi_dadd
    frogger.o(i.collision) refers to dleqf.o(x$fpl$dleqf) for __aeabi_cdcmple
    frogger.o(i.collision2) refers to dflt_clz.o(x$fpl$dflt) for __aeabi_i2d
    frogger.o(i.collision2) refers to dmul.o(x$fpl$dmul) for __aeabi_dmul
    frogger.o(i.collision2) refers to daddsub_clz.o(x$fpl$dsub) for __aeabi_dsub
    frogger.o(i.collision2) refers to dfix.o(x$fpl$dfix) for __aeabi_d2iz
    frogger.o(i.collision2) refers to ddiv.o(x$fpl$ddiv) for __aeabi_ddiv
    frogger.o(i.collision2) refers to daddsub_clz.o(x$fpl$dadd) for __aeabi_dadd
    frogger.o(i.collision2) refers to dleqf.o(x$fpl$dleqf) for __aeabi_cdcmple
    frogger.o(i.drawsquare) refers to glcd_lpc1700.o(i.GLCD_SetTextColor) for GLCD_SetTextColor
    frogger.o(i.drawsquare) refers to dflt_clz.o(x$fpl$dflt) for __aeabi_i2d
    frogger.o(i.drawsquare) refers to dmul.o(x$fpl$dmul) for __aeabi_dmul
    frogger.o(i.drawsquare) refers to daddsub_clz.o(x$fpl$dsub) for __aeabi_dsub
    frogger.o(i.drawsquare) refers to dfix.o(x$fpl$dfix) for __aeabi_d2iz
    frogger.o(i.drawsquare) refers to ddiv.o(x$fpl$ddiv) for __aeabi_ddiv
    frogger.o(i.drawsquare) refers to glcd_lpc1700.o(i.GLCD_PutPixel) for GLCD_PutPixel
    frogger.o(i.drawsquare) refers to daddsub_clz.o(x$fpl$dadd) for __aeabi_dadd
    frogger.o(i.drawsquare) refers to dleqf.o(x$fpl$dleqf) for __aeabi_cdcmple
    frogger.o(i.drawsquare1) refers to glcd_lpc1700.o(i.GLCD_SetTextColor) for GLCD_SetTextColor
    frogger.o(i.drawsquare1) refers to dflt_clz.o(x$fpl$dflt) for __aeabi_i2d
    frogger.o(i.drawsquare1) refers to dmul.o(x$fpl$dmul) for __aeabi_dmul
    frogger.o(i.drawsquare1) refers to daddsub_clz.o(x$fpl$dsub) for __aeabi_dsub
    frogger.o(i.drawsquare1) refers to dfix.o(x$fpl$dfix) for __aeabi_d2iz
    frogger.o(i.drawsquare1) refers to ddiv.o(x$fpl$ddiv) for __aeabi_ddiv
    frogger.o(i.drawsquare1) refers to glcd_lpc1700.o(i.GLCD_PutPixel) for GLCD_PutPixel
    frogger.o(i.drawsquare1) refers to daddsub_clz.o(x$fpl$dadd) for __aeabi_dadd
    frogger.o(i.drawsquare1) refers to dleqf.o(x$fpl$dleqf) for __aeabi_cdcmple
    frogger.o(i.frogsquare) refers to glcd_lpc1700.o(i.GLCD_SetTextColor) for GLCD_SetTextColor
    frogger.o(i.frogsquare) refers to dflt_clz.o(x$fpl$dflt) for __aeabi_i2d
    frogger.o(i.frogsquare) refers to dmul.o(x$fpl$dmul) for __aeabi_dmul
    frogger.o(i.frogsquare) refers to daddsub_clz.o(x$fpl$dsub) for __aeabi_dsub
    frogger.o(i.frogsquare) refers to dfix.o(x$fpl$dfix) for __aeabi_d2iz
    frogger.o(i.frogsquare) refers to ddiv.o(x$fpl$ddiv) for __aeabi_ddiv
    frogger.o(i.frogsquare) refers to glcd_lpc1700.o(i.GLCD_PutPixel) for GLCD_PutPixel
    frogger.o(i.frogsquare) refers to daddsub_clz.o(x$fpl$dadd) for __aeabi_dadd
    frogger.o(i.frogsquare) refers to dleqf.o(x$fpl$dleqf) for __aeabi_cdcmple
    frogger.o(i.logs) refers to glcd_lpc1700.o(i.GLCD_SetTextColor) for GLCD_SetTextColor
    frogger.o(i.logs) refers to dflt_clz.o(x$fpl$dflt) for __aeabi_i2d
    frogger.o(i.logs) refers to dmul.o(x$fpl$dmul) for __aeabi_dmul
    frogger.o(i.logs) refers to daddsub_clz.o(x$fpl$dsub) for __aeabi_dsub
    frogger.o(i.logs) refers to dfix.o(x$fpl$dfix) for __aeabi_d2iz
    frogger.o(i.logs) refers to ddiv.o(x$fpl$ddiv) for __aeabi_ddiv
    frogger.o(i.logs) refers to glcd_lpc1700.o(i.GLCD_PutPixel) for GLCD_PutPixel
    frogger.o(i.logs) refers to daddsub_clz.o(x$fpl$dadd) for __aeabi_dadd
    frogger.o(i.logs) refers to dleqf.o(x$fpl$dleqf) for __aeabi_cdcmple
    frogger.o(i.main) refers to uart.o(i.UARTInit) for UARTInit
    frogger.o(i.main) refers to glcd_lpc1700.o(i.GLCD_Init) for GLCD_Init
    frogger.o(i.main) refers to glcd_lpc1700.o(i.GLCD_Clear) for GLCD_Clear
    frogger.o(i.main) refers to glcd_lpc1700.o(i.GLCD_SetTextColor) for GLCD_SetTextColor
    frogger.o(i.main) refers to frogger.o(i.drawsquare) for drawsquare
    frogger.o(i.main) refers to frogger.o(i.bigboisquare) for bigboisquare
    frogger.o(i.main) refers to dflt_clz.o(x$fpl$dflt) for __aeabi_i2d
    frogger.o(i.main) refers to ddiv.o(x$fpl$ddiv) for __aeabi_ddiv
    frogger.o(i.main) refers to dfix.o(x$fpl$dfix) for __aeabi_d2iz
    frogger.o(i.main) refers to frogger.o(i.drawsquare1) for drawsquare1
    frogger.o(i.main) refers to glcd_lpc1700.o(i.GLCD_DisplayString) for GLCD_DisplayString
    frogger.o(i.main) refers to frogger.o(i.frogsquare) for frogsquare
    frogger.o(i.main) refers to uart.o(i.UARTSend) for UARTSend
    frogger.o(i.main) refers to uart.o(.data) for UART0_Count
    frogger.o(i.main) refers to uart.o(.bss) for UART0_Buffer
    frogger.o(i.main) refers to daddsub_clz.o(x$fpl$dsub) for __aeabi_dsub
    frogger.o(i.main) refers to daddsub_clz.o(x$fpl$dadd) for __aeabi_dadd
    frogger.o(i.main) refers to dmul.o(x$fpl$dmul) for __aeabi_dmul
    frogger.o(i.main) refers to frogger.o(i.cars) for cars
    frogger.o(i.main) refers to frogger.o(i.trucks) for trucks
    frogger.o(i.main) refers to frogger.o(i.logs) for logs
    frogger.o(i.main) refers to frogger.o(i.bigturtle) for bigturtle
    frogger.o(i.main) refers to frogger.o(i.smallturtles) for smallturtles
    frogger.o(i.main) refers to frogger.o(i.biglogs) for biglogs
    frogger.o(i.main) refers to frogger.o(i.collision) for collision
    frogger.o(i.smallturtles) refers to glcd_lpc1700.o(i.GLCD_SetTextColor) for GLCD_SetTextColor
    frogger.o(i.smallturtles) refers to dflt_clz.o(x$fpl$dflt) for __aeabi_i2d
    frogger.o(i.smallturtles) refers to dmul.o(x$fpl$dmul) for __aeabi_dmul
    frogger.o(i.smallturtles) refers to daddsub_clz.o(x$fpl$dsub) for __aeabi_dsub
    frogger.o(i.smallturtles) refers to dfix.o(x$fpl$dfix) for __aeabi_d2iz
    frogger.o(i.smallturtles) refers to ddiv.o(x$fpl$ddiv) for __aeabi_ddiv
    frogger.o(i.smallturtles) refers to glcd_lpc1700.o(i.GLCD_PutPixel) for GLCD_PutPixel
    frogger.o(i.smallturtles) refers to daddsub_clz.o(x$fpl$dadd) for __aeabi_dadd
    frogger.o(i.smallturtles) refers to dleqf.o(x$fpl$dleqf) for __aeabi_cdcmple
    frogger.o(i.trucks) refers to glcd_lpc1700.o(i.GLCD_SetTextColor) for GLCD_SetTextColor
    frogger.o(i.trucks) refers to dflt_clz.o(x$fpl$dflt) for __aeabi_i2d
    frogger.o(i.trucks) refers to dmul.o(x$fpl$dmul) for __aeabi_dmul
    frogger.o(i.trucks) refers to daddsub_clz.o(x$fpl$dsub) for __aeabi_dsub
    frogger.o(i.trucks) refers to dfix.o(x$fpl$dfix) for __aeabi_d2iz
    frogger.o(i.trucks) refers to ddiv.o(x$fpl$ddiv) for __aeabi_ddiv
    frogger.o(i.trucks) refers to glcd_lpc1700.o(i.GLCD_PutPixel) for GLCD_PutPixel
    frogger.o(i.trucks) refers to daddsub_clz.o(x$fpl$dadd) for __aeabi_dadd
    frogger.o(i.trucks) refers to dleqf.o(x$fpl$dleqf) for __aeabi_cdcmple
    glcd_lpc1700.o(i.GLCD_Bargraph) refers to glcd_lpc1700.o(i.wr_reg) for wr_reg
    glcd_lpc1700.o(i.GLCD_Bargraph) refers to glcd_lpc1700.o(i.wr_cmd) for wr_cmd
    glcd_lpc1700.o(i.GLCD_Bargraph) refers to glcd_lpc1700.o(i.wr_dat_start) for wr_dat_start
    glcd_lpc1700.o(i.GLCD_Bargraph) refers to glcd_lpc1700.o(i.wr_dat_only) for wr_dat_only
    glcd_lpc1700.o(i.GLCD_Bargraph) refers to glcd_lpc1700.o(i.wr_dat_stop) for wr_dat_stop
    glcd_lpc1700.o(i.GLCD_Bargraph) refers to glcd_lpc1700.o(.data) for driverCode
    glcd_lpc1700.o(i.GLCD_Bitmap) refers to glcd_lpc1700.o(i.wr_reg) for wr_reg
    glcd_lpc1700.o(i.GLCD_Bitmap) refers to glcd_lpc1700.o(i.wr_cmd) for wr_cmd
    glcd_lpc1700.o(i.GLCD_Bitmap) refers to glcd_lpc1700.o(i.wr_dat_start) for wr_dat_start
    glcd_lpc1700.o(i.GLCD_Bitmap) refers to glcd_lpc1700.o(i.wr_dat_only) for wr_dat_only
    glcd_lpc1700.o(i.GLCD_Bitmap) refers to glcd_lpc1700.o(i.wr_dat_stop) for wr_dat_stop
    glcd_lpc1700.o(i.GLCD_Bitmap) refers to glcd_lpc1700.o(.data) for driverCode
    glcd_lpc1700.o(i.GLCD_Bmp) refers to glcd_lpc1700.o(i.wr_reg) for wr_reg
    glcd_lpc1700.o(i.GLCD_Bmp) refers to glcd_lpc1700.o(i.wr_cmd) for wr_cmd
    glcd_lpc1700.o(i.GLCD_Bmp) refers to glcd_lpc1700.o(i.wr_dat_start) for wr_dat_start
    glcd_lpc1700.o(i.GLCD_Bmp) refers to glcd_lpc1700.o(i.wr_dat_only) for wr_dat_only
    glcd_lpc1700.o(i.GLCD_Bmp) refers to glcd_lpc1700.o(i.wr_dat_stop) for wr_dat_stop
    glcd_lpc1700.o(i.GLCD_Bmp) refers to glcd_lpc1700.o(.data) for driverCode
    glcd_lpc1700.o(i.GLCD_Clear) refers to glcd_lpc1700.o(i.GLCD_WindowMax) for GLCD_WindowMax
    glcd_lpc1700.o(i.GLCD_Clear) refers to glcd_lpc1700.o(i.wr_reg) for wr_reg
    glcd_lpc1700.o(i.GLCD_Clear) refers to glcd_lpc1700.o(i.wr_cmd) for wr_cmd
    glcd_lpc1700.o(i.GLCD_Clear) refers to glcd_lpc1700.o(i.wr_dat_start) for wr_dat_start
    glcd_lpc1700.o(i.GLCD_Clear) refers to glcd_lpc1700.o(i.wr_dat_only) for wr_dat_only
    glcd_lpc1700.o(i.GLCD_Clear) refers to glcd_lpc1700.o(i.wr_dat_stop) for wr_dat_stop
    glcd_lpc1700.o(i.GLCD_Clear) refers to glcd_lpc1700.o(.data) for driverCode
    glcd_lpc1700.o(i.GLCD_ClearLn) refers to glcd_lpc1700.o(i.GLCD_WindowMax) for GLCD_WindowMax
    glcd_lpc1700.o(i.GLCD_ClearLn) refers to glcd_lpc1700.o(i.GLCD_DisplayString) for GLCD_DisplayString
    glcd_lpc1700.o(i.GLCD_DisplayChar) refers to glcd_lpc1700.o(i.GLCD_DrawChar) for GLCD_DrawChar
    glcd_lpc1700.o(i.GLCD_DisplayChar) refers to glcd_lpc1700.o(.constdata) for Font_24x16
    glcd_lpc1700.o(i.GLCD_DisplayString) refers to glcd_lpc1700.o(i.GLCD_WindowMax) for GLCD_WindowMax
    glcd_lpc1700.o(i.GLCD_DisplayString) refers to glcd_lpc1700.o(i.GLCD_DisplayChar) for GLCD_DisplayChar
    glcd_lpc1700.o(i.GLCD_DrawChar) refers to glcd_lpc1700.o(i.wr_reg) for wr_reg
    glcd_lpc1700.o(i.GLCD_DrawChar) refers to glcd_lpc1700.o(i.wr_cmd) for wr_cmd
    glcd_lpc1700.o(i.GLCD_DrawChar) refers to glcd_lpc1700.o(i.wr_dat_start) for wr_dat_start
    glcd_lpc1700.o(i.GLCD_DrawChar) refers to glcd_lpc1700.o(i.wr_dat_only) for wr_dat_only
    glcd_lpc1700.o(i.GLCD_DrawChar) refers to glcd_lpc1700.o(i.wr_dat_stop) for wr_dat_stop
    glcd_lpc1700.o(i.GLCD_DrawChar) refers to glcd_lpc1700.o(.data) for driverCode
    glcd_lpc1700.o(i.GLCD_Init) refers to glcd_lpc1700.o(i.delay) for delay
    glcd_lpc1700.o(i.GLCD_Init) refers to glcd_lpc1700.o(i.rd_reg) for rd_reg
    glcd_lpc1700.o(i.GLCD_Init) refers to glcd_lpc1700.o(i.wr_reg) for wr_reg
    glcd_lpc1700.o(i.GLCD_Init) refers to glcd_lpc1700.o(.data) for driverCode
    glcd_lpc1700.o(i.GLCD_PutPixel) refers to glcd_lpc1700.o(i.wr_reg) for wr_reg
    glcd_lpc1700.o(i.GLCD_PutPixel) refers to glcd_lpc1700.o(i.wr_cmd) for wr_cmd
    glcd_lpc1700.o(i.GLCD_PutPixel) refers to glcd_lpc1700.o(i.wr_dat) for wr_dat
    glcd_lpc1700.o(i.GLCD_PutPixel) refers to glcd_lpc1700.o(.data) for driverCode
    glcd_lpc1700.o(i.GLCD_SetBackColor) refers to glcd_lpc1700.o(.data) for BackColor
    glcd_lpc1700.o(i.GLCD_SetTextColor) refers to glcd_lpc1700.o(.data) for TextColor
    glcd_lpc1700.o(i.GLCD_WindowMax) refers to glcd_lpc1700.o(i.wr_reg) for wr_reg
    glcd_lpc1700.o(i.GLCD_WindowMax) refers to glcd_lpc1700.o(.data) for driverCode
    glcd_lpc1700.o(i.rd_dat) refers to glcd_lpc1700.o(i.wait_delay) for wait_delay
    glcd_lpc1700.o(i.rd_reg) refers to glcd_lpc1700.o(i.wr_cmd) for wr_cmd
    glcd_lpc1700.o(i.rd_reg) refers to glcd_lpc1700.o(i.rd_dat) for rd_dat
    glcd_lpc1700.o(i.wr_cmd) refers to glcd_lpc1700.o(i.lcd_send) for lcd_send
    glcd_lpc1700.o(i.wr_cmd) refers to glcd_lpc1700.o(.emb_text) for wait
    glcd_lpc1700.o(i.wr_dat) refers to glcd_lpc1700.o(i.lcd_send) for lcd_send
    glcd_lpc1700.o(i.wr_dat) refers to glcd_lpc1700.o(.emb_text) for wait
    glcd_lpc1700.o(i.wr_dat_only) refers to glcd_lpc1700.o(i.lcd_send) for lcd_send
    glcd_lpc1700.o(i.wr_dat_only) refers to glcd_lpc1700.o(.emb_text) for wait
    glcd_lpc1700.o(i.wr_reg) refers to glcd_lpc1700.o(i.wr_cmd) for wr_cmd
    glcd_lpc1700.o(i.wr_reg) refers to glcd_lpc1700.o(i.wr_dat) for wr_dat
    glcd_utils.o(i.GLCD_draw_circle) refers to glcd_lpc1700.o(i.GLCD_PutPixel) for GLCD_PutPixel
    glcd_utils.o(i.GLCD_draw_line) refers to glcd_lpc1700.o(i.GLCD_PutPixel) for GLCD_PutPixel
    uart.o(i.UART0_IRQHandler) refers to uart.o(.data) for UART0_Status
    uart.o(i.UART0_IRQHandler) refers to uart.o(.bss) for UART0_Buffer
    uart.o(i.UART2_IRQHandler) refers to uart.o(.data) for UART2_Status
    uart.o(i.UART2_IRQHandler) refers to uart.o(.bss) for UART2_Buffer
    uart.o(i.UARTInit) refers to uart.o(i.NVIC_EnableIRQ) for NVIC_EnableIRQ
    uart.o(i.UARTInit) refers to system_lpc17xx.o(.data) for SystemCoreClock
    uart.o(i.UARTSend) refers to uart.o(.data) for UART0_TxEmpty
    startup_lpc17xx.o(STACK) refers (Special) to heapauxi.o(.text) for __use_two_region_memory
    startup_lpc17xx.o(HEAP) refers (Special) to heapauxi.o(.text) for __use_two_region_memory
    startup_lpc17xx.o(RESET) refers (Special) to heapauxi.o(.text) for __use_two_region_memory
    startup_lpc17xx.o(RESET) refers to startup_lpc17xx.o(STACK) for __initial_sp
    startup_lpc17xx.o(RESET) refers to startup_lpc17xx.o(.text) for Reset_Handler
    startup_lpc17xx.o(RESET) refers to uart.o(i.UART0_IRQHandler) for UART0_IRQHandler
    startup_lpc17xx.o(RESET) refers to uart.o(i.UART2_IRQHandler) for UART2_IRQHandler
    startup_lpc17xx.o(.ARM.__at_0x02FC) refers (Special) to heapauxi.o(.text) for __use_two_region_memory
    startup_lpc17xx.o(.text) refers (Special) to heapauxi.o(.text) for __use_two_region_memory
    startup_lpc17xx.o(.text) refers to system_lpc17xx.o(i.SystemInit) for SystemInit
    startup_lpc17xx.o(.text) refers to __main.o(!!!main) for __main
    startup_lpc17xx.o(.text) refers to startup_lpc17xx.o(HEAP) for Heap_Mem
    startup_lpc17xx.o(.text) refers to startup_lpc17xx.o(STACK) for Stack_Mem
    system_lpc17xx.o(i.SystemCoreClockUpdate) refers to lludivv7m.o(.text) for __aeabi_uldivmod
    system_lpc17xx.o(i.SystemCoreClockUpdate) refers to system_lpc17xx.o(.data) for SystemCoreClock
    __main.o(!!!main) refers to __rtentry.o(.ARM.Collect$$rtentry$$00000000) for __rt_entry
    daddsub_clz.o(x$fpl$dadd) refers (Special) to usenofp.o(x$fpl$usenofp) for __I$use$fp
    daddsub_clz.o(x$fpl$dadd) refers to daddsub_clz.o(x$fpl$dsub) for _dsub1
    daddsub_clz.o(x$fpl$dadd) refers to dretinf.o(x$fpl$dretinf) for __fpl_dretinf
    daddsub_clz.o(x$fpl$dadd) refers to dnaninf.o(x$fpl$dnaninf) for __fpl_dnaninf
    daddsub_clz.o(x$fpl$drsb) refers (Special) to usenofp.o(x$fpl$usenofp) for __I$use$fp
    daddsub_clz.o(x$fpl$drsb) refers to daddsub_clz.o(x$fpl$dadd) for _dadd1
    daddsub_clz.o(x$fpl$drsb) refers to daddsub_clz.o(x$fpl$dsub) for _dsub1
    daddsub_clz.o(x$fpl$dsub) refers (Special) to usenofp.o(x$fpl$usenofp) for __I$use$fp
    daddsub_clz.o(x$fpl$dsub) refers to daddsub_clz.o(x$fpl$dadd) for _dadd1
    daddsub_clz.o(x$fpl$dsub) refers to dnaninf.o(x$fpl$dnaninf) for __fpl_dnaninf
    ddiv.o(x$fpl$drdiv) refers (Special) to usenofp.o(x$fpl$usenofp) for __I$use$fp
    ddiv.o(x$fpl$drdiv) refers to ddiv.o(x$fpl$ddiv) for ddiv_entry
    ddiv.o(x$fpl$ddiv) refers (Special) to usenofp.o(x$fpl$usenofp) for __I$use$fp
    ddiv.o(x$fpl$ddiv) refers to dretinf.o(x$fpl$dretinf) for __fpl_dretinf
    ddiv.o(x$fpl$ddiv) refers to dnaninf.o(x$fpl$dnaninf) for __fpl_dnaninf
    dfix.o(x$fpl$dfix) refers (Special) to usenofp.o(x$fpl$usenofp) for __I$use$fp
    dfix.o(x$fpl$dfix) refers to dnaninf.o(x$fpl$dnaninf) for __fpl_dnaninf
    dfix.o(x$fpl$dfixr) refers (Special) to usenofp.o(x$fpl$usenofp) for __I$use$fp
    dfix.o(x$fpl$dfixr) refers to dnaninf.o(x$fpl$dnaninf) for __fpl_dnaninf
    dflt_clz.o(x$fpl$dfltu) refers (Special) to usenofp.o(x$fpl$usenofp) for __I$use$fp
    dflt_clz.o(x$fpl$dflt) refers (Special) to usenofp.o(x$fpl$usenofp) for __I$use$fp
    dflt_clz.o(x$fpl$dfltn) refers (Special) to usenofp.o(x$fpl$usenofp) for __I$use$fp
    dleqf.o(x$fpl$dleqf) refers (Special) to usenofp.o(x$fpl$usenofp) for __I$use$fp
    dleqf.o(x$fpl$dleqf) refers to dnaninf.o(x$fpl$dnaninf) for __fpl_dnaninf
    dleqf.o(x$fpl$dleqf) refers to dcmpi.o(x$fpl$dcmpinf) for __fpl_dcmp_Inf
    dmul.o(x$fpl$dmul) refers (Special) to usenofp.o(x$fpl$usenofp) for __I$use$fp
    dmul.o(x$fpl$dmul) refers to dretinf.o(x$fpl$dretinf) for __fpl_dretinf
    dmul.o(x$fpl$dmul) refers to dnaninf.o(x$fpl$dnaninf) for __fpl_dnaninf
    __rtentry.o(.ARM.Collect$$rtentry$$00000000) refers (Special) to __rtentry2.o(.ARM.Collect$$rtentry$$0000000A) for __rt_entry_li
    __rtentry.o(.ARM.Collect$$rtentry$$00000000) refers (Special) to __rtentry2.o(.ARM.Collect$$rtentry$$0000000D) for __rt_entry_main
    __rtentry.o(.ARM.Collect$$rtentry$$00000000) refers (Special) to __rtentry2.o(.ARM.Collect$$rtentry$$0000000C) for __rt_entry_postli_1
    __rtentry.o(.ARM.Collect$$rtentry$$00000000) refers (Special) to __rtentry2.o(.ARM.Collect$$rtentry$$00000009) for __rt_entry_postsh_1
    __rtentry.o(.ARM.Collect$$rtentry$$00000000) refers (Special) to __rtentry2.o(.ARM.Collect$$rtentry$$00000002) for __rt_entry_presh_1
    __rtentry.o(.ARM.Collect$$rtentry$$00000000) refers (Special) to __rtentry4.o(.ARM.Collect$$rtentry$$00000004) for __rt_entry_sh
    aeabi_ldiv0_sigfpe.o(.text) refers to rt_div0.o(.text) for __rt_div0
    dcmpi.o(x$fpl$dcmpinf) refers (Special) to usenofp.o(x$fpl$usenofp) for __I$use$fp
    dnaninf.o(x$fpl$dnaninf) refers (Special) to usenofp.o(x$fpl$usenofp) for __I$use$fp
    dretinf.o(x$fpl$dretinf) refers (Special) to usenofp.o(x$fpl$usenofp) for __I$use$fp
    __rtentry2.o(.ARM.Collect$$rtentry$$00000008) refers to boardinit2.o(.text) for _platform_post_stackheap_init
    __rtentry2.o(.ARM.Collect$$rtentry$$0000000A) refers to libinit.o(.ARM.Collect$$libinit$$00000000) for __rt_lib_init
    __rtentry2.o(.ARM.Collect$$rtentry$$0000000B) refers to boardinit3.o(.text) for _platform_post_lib_init
    __rtentry2.o(.ARM.Collect$$rtentry$$0000000D) refers to frogger.o(i.main) for main
    __rtentry2.o(.ARM.Collect$$rtentry$$0000000D) refers to exit.o(.text) for exit
    __rtentry2.o(.ARM.exidx) refers to __rtentry2.o(.ARM.Collect$$rtentry$$00000001) for .ARM.Collect$$rtentry$$00000001
    __rtentry2.o(.ARM.exidx) refers to __rtentry2.o(.ARM.Collect$$rtentry$$00000008) for .ARM.Collect$$rtentry$$00000008
    __rtentry2.o(.ARM.exidx) refers to __rtentry2.o(.ARM.Collect$$rtentry$$0000000A) for .ARM.Collect$$rtentry$$0000000A
    __rtentry2.o(.ARM.exidx) refers to __rtentry2.o(.ARM.Collect$$rtentry$$0000000B) for .ARM.Collect$$rtentry$$0000000B
    __rtentry2.o(.ARM.exidx) refers to __rtentry2.o(.ARM.Collect$$rtentry$$0000000D) for .ARM.Collect$$rtentry$$0000000D
    __rtentry4.o(.ARM.Collect$$rtentry$$00000004) refers to sys_stackheap_outer.o(.text) for __user_setup_stackheap
    __rtentry4.o(.ARM.exidx) refers to __rtentry4.o(.ARM.Collect$$rtentry$$00000004) for .ARM.Collect$$rtentry$$00000004
    rt_div0.o(.text) refers to defsig_fpe_outer.o(.text) for __rt_SIGFPE
    sys_stackheap_outer.o(.text) refers to libspace.o(.text) for __user_perproc_libspace
    sys_stackheap_outer.o(.text) refers to startup_lpc17xx.o(.text) for __user_initial_stackheap
    exit.o(.text) refers to rtexit.o(.ARM.Collect$$rtexit$$00000000) for __rt_exit
    defsig_fpe_outer.o(.text) refers to defsig_fpe_inner.o(.text) for __rt_SIGFPE_inner
    defsig_fpe_outer.o(.text) refers to defsig_exit.o(.text) for __sig_exit
    defsig_fpe_formal.o(.text) refers to rt_raise.o(.text) for __rt_raise
    libinit.o(.ARM.Collect$$libinit$$00000000) refers (Special) to libinit2.o(.ARM.Collect$$libinit$$0000002E) for __rt_lib_init_alloca_1
    libinit.o(.ARM.Collect$$libinit$$00000000) refers (Special) to libinit2.o(.ARM.Collect$$libinit$$0000002C) for __rt_lib_init_argv_1
    libinit.o(.ARM.Collect$$libinit$$00000000) refers (Special) to libinit2.o(.ARM.Collect$$libinit$$0000001B) for __rt_lib_init_atexit_1
    libinit.o(.ARM.Collect$$libinit$$00000000) refers (Special) to libinit2.o(.ARM.Collect$$libinit$$00000021) for __rt_lib_init_clock_1
    libinit.o(.ARM.Collect$$libinit$$00000000) refers (Special) to libinit2.o(.ARM.Collect$$libinit$$00000032) for __rt_lib_init_cpp_1
    libinit.o(.ARM.Collect$$libinit$$00000000) refers (Special) to libinit2.o(.ARM.Collect$$libinit$$00000030) for __rt_lib_init_exceptions_1
    libinit.o(.ARM.Collect$$libinit$$00000000) refers (Special) to libinit2.o(.ARM.Collect$$libinit$$00000002) for __rt_lib_init_fp_1
    libinit.o(.ARM.Collect$$libinit$$00000000) refers (Special) to libinit2.o(.ARM.Collect$$libinit$$0000001F) for __rt_lib_init_fp_trap_1
    libinit.o(.ARM.Collect$$libinit$$00000000) refers (Special) to libinit2.o(.ARM.Collect$$libinit$$00000023) for __rt_lib_init_getenv_1
    libinit.o(.ARM.Collect$$libinit$$00000000) refers (Special) to libinit2.o(.ARM.Collect$$libinit$$0000000A) for __rt_lib_init_heap_1
    libinit.o(.ARM.Collect$$libinit$$00000000) refers (Special) to libinit2.o(.ARM.Collect$$libinit$$00000011) for __rt_lib_init_lc_collate_1
    libinit.o(.ARM.Collect$$libinit$$00000000) refers (Special) to libinit2.o(.ARM.Collect$$libinit$$00000013) for __rt_lib_init_lc_ctype_1
    libinit.o(.ARM.Collect$$libinit$$00000000) refers (Special) to libinit2.o(.ARM.Collect$$libinit$$00000015) for __rt_lib_init_lc_monetary_1
    libinit.o(.ARM.Collect$$libinit$$00000000) refers (Special) to libinit2.o(.ARM.Collect$$libinit$$00000017) for __rt_lib_init_lc_numeric_1
    libinit.o(.ARM.Collect$$libinit$$00000000) refers (Special) to libinit2.o(.ARM.Collect$$libinit$$00000019) for __rt_lib_init_lc_time_1
    libinit.o(.ARM.Collect$$libinit$$00000000) refers (Special) to libinit2.o(.ARM.Collect$$libinit$$00000004) for __rt_lib_init_preinit_1
    libinit.o(.ARM.Collect$$libinit$$00000000) refers (Special) to libinit2.o(.ARM.Collect$$libinit$$0000000E) for __rt_lib_init_rand_1
    libinit.o(.ARM.Collect$$libinit$$00000000) refers (Special) to libinit2.o(.ARM.Collect$$libinit$$00000033) for __rt_lib_init_return
    libinit.o(.ARM.Collect$$libinit$$00000000) refers (Special) to libinit2.o(.ARM.Collect$$libinit$$0000001D) for __rt_lib_init_signal_1
    libinit.o(.ARM.Collect$$libinit$$00000000) refers (Special) to libinit2.o(.ARM.Collect$$libinit$$00000025) for __rt_lib_init_stdio_1
    libinit.o(.ARM.Collect$$libinit$$00000000) refers (Special) to libinit2.o(.ARM.Collect$$libinit$$0000000C) for __rt_lib_init_user_alloc_1
    libspace.o(.text) refers to libspace.o(.bss) for __libspace_start
    rtexit.o(.ARM.Collect$$rtexit$$00000000) refers (Special) to rtexit2.o(.ARM.Collect$$rtexit$$00000004) for __rt_exit_exit
    rtexit.o(.ARM.Collect$$rtexit$$00000000) refers (Special) to rtexit2.o(.ARM.Collect$$rtexit$$00000003) for __rt_exit_ls
    rtexit.o(.ARM.Collect$$rtexit$$00000000) refers (Special) to rtexit2.o(.ARM.Collect$$rtexit$$00000002) for __rt_exit_prels_1
    rtexit.o(.ARM.exidx) refers (Special) to rtexit2.o(.ARM.Collect$$rtexit$$00000004) for __rt_exit_exit
    rtexit.o(.ARM.exidx) refers (Special) to rtexit2.o(.ARM.Collect$$rtexit$$00000003) for __rt_exit_ls
    rtexit.o(.ARM.exidx) refers (Special) to rtexit2.o(.ARM.Collect$$rtexit$$00000002) for __rt_exit_prels_1
    rtexit.o(.ARM.exidx) refers to rtexit.o(.ARM.Collect$$rtexit$$00000000) for .ARM.Collect$$rtexit$$00000000
    rt_raise.o(.text) refers to __raise.o(.text) for __raise
    rt_raise.o(.text) refers to sys_exit.o(.text) for _sys_exit
    defsig_exit.o(.text) refers to sys_exit.o(.text) for _sys_exit
    defsig_fpe_inner.o(.text) refers to defsig_general.o(.text) for __default_signal_display
    libinit2.o(.ARM.Collect$$libinit$$00000010) refers to libinit2.o(.ARM.Collect$$libinit$$0000000F) for .ARM.Collect$$libinit$$0000000F
    libinit2.o(.ARM.Collect$$libinit$$00000012) refers to libinit2.o(.ARM.Collect$$libinit$$0000000F) for .ARM.Collect$$libinit$$0000000F
    libinit2.o(.ARM.Collect$$libinit$$00000014) refers to libinit2.o(.ARM.Collect$$libinit$$0000000F) for .ARM.Collect$$libinit$$0000000F
    libinit2.o(.ARM.Collect$$libinit$$00000016) refers to libinit2.o(.ARM.Collect$$libinit$$0000000F) for .ARM.Collect$$libinit$$0000000F
    libinit2.o(.ARM.Collect$$libinit$$00000018) refers to libinit2.o(.ARM.Collect$$libinit$$0000000F) for .ARM.Collect$$libinit$$0000000F
    libinit2.o(.ARM.Collect$$libinit$$00000026) refers to argv_veneer.o(.emb_text) for __ARM_argv_veneer
    libinit2.o(.ARM.Collect$$libinit$$00000027) refers to argv_veneer.o(.emb_text) for __ARM_argv_veneer
    sys_exit.o(.text) refers (Special) to use_no_semi.o(.text) for __I$use$semihosting
    sys_exit.o(.text) refers (Special) to indicate_semi.o(.text) for __semihosting_library_function
    rtexit2.o(.ARM.Collect$$rtexit$$00000003) refers to libshutdown.o(.ARM.Collect$$libshutdown$$00000000) for __rt_lib_shutdown
    rtexit2.o(.ARM.Collect$$rtexit$$00000004) refers to sys_exit.o(.text) for _sys_exit
    rtexit2.o(.ARM.exidx) refers to rtexit2.o(.ARM.Collect$$rtexit$$00000001) for .ARM.Collect$$rtexit$$00000001
    rtexit2.o(.ARM.exidx) refers to rtexit2.o(.ARM.Collect$$rtexit$$00000003) for .ARM.Collect$$rtexit$$00000003
    rtexit2.o(.ARM.exidx) refers to rtexit2.o(.ARM.Collect$$rtexit$$00000004) for .ARM.Collect$$rtexit$$00000004
    __raise.o(.text) refers to defsig.o(CL$$defsig) for __default_signal_handler
    defsig_general.o(.text) refers to sys_wrch.o(.text) for _ttywrch
    argv_veneer.o(.emb_text) refers to no_argv.o(.text) for __ARM_get_argv
    sys_wrch.o(.text) refers (Special) to use_no_semi.o(.text) for __I$use$semihosting
    sys_wrch.o(.text) refers (Special) to indicate_semi.o(.text) for __semihosting_library_function
    defsig.o(CL$$defsig) refers to defsig_fpe_inner.o(.text) for __rt_SIGFPE_inner
    defsig.o(CL$$defsig) refers to defsig_rtmem_inner.o(.text) for __rt_SIGRTMEM_inner
    _get_argv_nomalloc.o(.text) refers (Special) to hrguard.o(.text) for __heap_region$guard
    _get_argv_nomalloc.o(.text) refers to defsig_rtmem_outer.o(.text) for __rt_SIGRTMEM
    _get_argv_nomalloc.o(.text) refers to sys_command.o(.text) for _sys_command_string
    libshutdown.o(.ARM.Collect$$libshutdown$$00000000) refers (Special) to libshutdown2.o(.ARM.Collect$$libshutdown$$00000002) for __rt_lib_shutdown_cpp_1
    libshutdown.o(.ARM.Collect$$libshutdown$$00000000) refers (Special) to libshutdown2.o(.ARM.Collect$$libshutdown$$00000007) for __rt_lib_shutdown_fp_trap_1
    libshutdown.o(.ARM.Collect$$libshutdown$$00000000) refers (Special) to libshutdown2.o(.ARM.Collect$$libshutdown$$0000000F) for __rt_lib_shutdown_heap_1
    libshutdown.o(.ARM.Collect$$libshutdown$$00000000) refers (Special) to libshutdown2.o(.ARM.Collect$$libshutdown$$00000010) for __rt_lib_shutdown_return
    libshutdown.o(.ARM.Collect$$libshutdown$$00000000) refers (Special) to libshutdown2.o(.ARM.Collect$$libshutdown$$0000000A) for __rt_lib_shutdown_signal_1
    libshutdown.o(.ARM.Collect$$libshutdown$$00000000) refers (Special) to libshutdown2.o(.ARM.Collect$$libshutdown$$00000004) for __rt_lib_shutdown_stdio_1
    libshutdown.o(.ARM.Collect$$libshutdown$$00000000) refers (Special) to libshutdown2.o(.ARM.Collect$$libshutdown$$0000000C) for __rt_lib_shutdown_user_alloc_1
    sys_command.o(.text) refers (Special) to use_no_semi.o(.text) for __I$use$semihosting
    sys_command.o(.text) refers (Special) to indicate_semi.o(.text) for __semihosting_library_function
    defsig_abrt_inner.o(.text) refers to defsig_general.o(.text) for __default_signal_display
    defsig_rtred_inner.o(.text) refers to defsig_general.o(.text) for __default_signal_display
    defsig_rtmem_inner.o(.text) refers to defsig_general.o(.text) for __default_signal_display
    defsig_rtmem_outer.o(.text) refers to defsig_rtmem_inner.o(.text) for __rt_SIGRTMEM_inner
    defsig_rtmem_outer.o(.text) refers to defsig_exit.o(.text) for __sig_exit
    defsig_rtmem_formal.o(.text) refers to rt_raise.o(.text) for __rt_raise
    defsig_stak_inner.o(.text) refers to defsig_general.o(.text) for __default_signal_display
    defsig_pvfn_inner.o(.text) refers to defsig_general.o(.text) for __default_signal_display
    defsig_cppl_inner.o(.text) refers to defsig_general.o(.text) for __default_signal_display
    defsig_segv_inner.o(.text) refers to defsig_general.o(.text) for __default_signal_display
    defsig_other.o(.text) refers to defsig_general.o(.text) for __default_signal_display


==============================================================================

Removing Unused input sections from the image.

    Removing frogger.o(.rev16_text), (4 bytes).
    Removing frogger.o(.revsh_text), (4 bytes).
    Removing frogger.o(.rrx_text), (6 bytes).
    Removing frogger.o(i.collision2), (284 bytes).
    Removing glcd_lpc1700.o(.rev16_text), (4 bytes).
    Removing glcd_lpc1700.o(.revsh_text), (4 bytes).
    Removing glcd_lpc1700.o(.rrx_text), (6 bytes).
    Removing glcd_lpc1700.o(i.GLCD_Bargraph), (264 bytes).
    Removing glcd_lpc1700.o(i.GLCD_Bitmap), (236 bytes).
    Removing glcd_lpc1700.o(i.GLCD_Bmp), (236 bytes).
    Removing glcd_lpc1700.o(i.GLCD_ClearLn), (44 bytes).
    Removing glcd_lpc1700.o(i.GLCD_SetBackColor), (12 bytes).
    Removing glcd_utils.o(.rev16_text), (4 bytes).
    Removing glcd_utils.o(.revsh_text), (4 bytes).
    Removing glcd_utils.o(.rrx_text), (6 bytes).
    Removing glcd_utils.o(i.GLCD_draw_circle), (142 bytes).
    Removing glcd_utils.o(i.GLCD_draw_circle_full), (2 bytes).
    Removing glcd_utils.o(i.GLCD_draw_line), (144 bytes).
    Removing glcd_utils.o(i.GLCD_draw_smiley_face), (2 bytes).
    Removing uart.o(.rev16_text), (4 bytes).
    Removing uart.o(.revsh_text), (4 bytes).
    Removing uart.o(.rrx_text), (6 bytes).
    Removing system_lpc17xx.o(.rev16_text), (4 bytes).
    Removing system_lpc17xx.o(.revsh_text), (4 bytes).
    Removing system_lpc17xx.o(.rrx_text), (6 bytes).
    Removing system_lpc17xx.o(i.SystemCoreClockUpdate), (424 bytes).

26 unused section(s) (total 1860 bytes) removed from the image.

==============================================================================

Image Symbol Table

    Local Symbols

    Symbol Name                              Value     Ov Type        Size  Object(Section)

    RESET                                    0x00000000   Section      204  startup_lpc17xx.o(RESET)
    ../clib/angel/boardlib.s                 0x00000000   Number         0  boardinit3.o ABSOLUTE
    ../clib/angel/boardlib.s                 0x00000000   Number         0  boardinit1.o ABSOLUTE
    ../clib/angel/boardlib.s                 0x00000000   Number         0  boardinit2.o ABSOLUTE
    ../clib/angel/boardlib.s                 0x00000000   Number         0  boardshut.o ABSOLUTE
    ../clib/angel/handlers.s                 0x00000000   Number         0  __scatter_zi.o ABSOLUTE
    ../clib/angel/handlers.s                 0x00000000   Number         0  __scatter_copy.o ABSOLUTE
    ../clib/angel/kernel.s                   0x00000000   Number         0  rtexit2.o ABSOLUTE
    ../clib/angel/kernel.s                   0x00000000   Number         0  __rtentry.o ABSOLUTE
    ../clib/angel/kernel.s                   0x00000000   Number         0  __rtentry2.o ABSOLUTE
    ../clib/angel/kernel.s                   0x00000000   Number         0  __rtentry4.o ABSOLUTE
    ../clib/angel/kernel.s                   0x00000000   Number         0  rtexit.o ABSOLUTE
    ../clib/angel/rt.s                       0x00000000   Number         0  aeabi_ldiv0.o ABSOLUTE
    ../clib/angel/rt.s                       0x00000000   Number         0  rt_div0.o ABSOLUTE
    ../clib/angel/rt.s                       0x00000000   Number         0  rt_raise.o ABSOLUTE
    ../clib/angel/rt.s                       0x00000000   Number         0  aeabi_ldiv0_sigfpe.o ABSOLUTE
    ../clib/angel/scatter.s                  0x00000000   Number         0  __scatter.o ABSOLUTE
    ../clib/angel/startup.s                  0x00000000   Number         0  __main.o ABSOLUTE
    ../clib/angel/sys.s                      0x00000000   Number         0  sys_stackheap_outer.o ABSOLUTE
    ../clib/angel/sys.s                      0x00000000   Number         0  libspace.o ABSOLUTE
    ../clib/angel/sys.s                      0x00000000   Number         0  indicate_semi.o ABSOLUTE
    ../clib/angel/sys.s                      0x00000000   Number         0  use_no_semi.o ABSOLUTE
    ../clib/angel/sysapp.c                   0x00000000   Number         0  sys_exit.o ABSOLUTE
    ../clib/angel/sysapp.c                   0x00000000   Number         0  sys_command.o ABSOLUTE
    ../clib/angel/sysapp.c                   0x00000000   Number         0  sys_wrch.o ABSOLUTE
    ../clib/armsys.c                         0x00000000   Number         0  _get_argv_nomalloc.o ABSOLUTE
    ../clib/armsys.c                         0x00000000   Number         0  no_argv.o ABSOLUTE
    ../clib/armsys.c                         0x00000000   Number         0  argv_veneer.o ABSOLUTE
    ../clib/armsys.c                         0x00000000   Number         0  argv_veneer.o ABSOLUTE
    ../clib/heapalloc.c                      0x00000000   Number         0  hrguard.o ABSOLUTE
    ../clib/heapaux.c                        0x00000000   Number         0  heapauxi.o ABSOLUTE
    ../clib/libinit.s                        0x00000000   Number         0  libinit2.o ABSOLUTE
    ../clib/libinit.s                        0x00000000   Number         0  libshutdown2.o ABSOLUTE
    ../clib/libinit.s                        0x00000000   Number         0  libinit.o ABSOLUTE
    ../clib/libinit.s                        0x00000000   Number         0  libshutdown.o ABSOLUTE
    ../clib/longlong.s                       0x00000000   Number         0  lludivv7m.o ABSOLUTE
    ../clib/signal.c                         0x00000000   Number         0  defsig_segv_inner.o ABSOLUTE
    ../clib/signal.c                         0x00000000   Number         0  defsig_cppl_inner.o ABSOLUTE
    ../clib/signal.c                         0x00000000   Number         0  defsig_pvfn_inner.o ABSOLUTE
    ../clib/signal.c                         0x00000000   Number         0  defsig_stak_inner.o ABSOLUTE
    ../clib/signal.c                         0x00000000   Number         0  defsig_rtmem_formal.o ABSOLUTE
    ../clib/signal.c                         0x00000000   Number         0  defsig_rtmem_outer.o ABSOLUTE
    ../clib/signal.c                         0x00000000   Number         0  defsig_rtmem_inner.o ABSOLUTE
    ../clib/signal.c                         0x00000000   Number         0  defsig_rtred_inner.o ABSOLUTE
    ../clib/signal.c                         0x00000000   Number         0  defsig_abrt_inner.o ABSOLUTE
    ../clib/signal.c                         0x00000000   Number         0  defsig_fpe_inner.o ABSOLUTE
    ../clib/signal.c                         0x00000000   Number         0  defsig_exit.o ABSOLUTE
    ../clib/signal.c                         0x00000000   Number         0  defsig_fpe_formal.o ABSOLUTE
    ../clib/signal.c                         0x00000000   Number         0  defsig_fpe_outer.o ABSOLUTE
    ../clib/signal.c                         0x00000000   Number         0  __raise.o ABSOLUTE
    ../clib/signal.c                         0x00000000   Number         0  defsig_other.o ABSOLUTE
    ../clib/signal.c                         0x00000000   Number         0  defsig_general.o ABSOLUTE
    ../clib/signal.s                         0x00000000   Number         0  defsig.o ABSOLUTE
    ../clib/stdlib.c                         0x00000000   Number         0  exit.o ABSOLUTE
    ../fplib/daddsub.s                       0x00000000   Number         0  daddsub_clz.o ABSOLUTE
    ../fplib/dcmpi.s                         0x00000000   Number         0  dcmpi.o ABSOLUTE
    ../fplib/ddiv.s                          0x00000000   Number         0  ddiv.o ABSOLUTE
    ../fplib/dfix.s                          0x00000000   Number         0  dfix.o ABSOLUTE
    ../fplib/dflt.s                          0x00000000   Number         0  dflt_clz.o ABSOLUTE
    ../fplib/dleqf.s                         0x00000000   Number         0  dleqf.o ABSOLUTE
    ../fplib/dmul.s                          0x00000000   Number         0  dmul.o ABSOLUTE
    ../fplib/dnaninf.s                       0x00000000   Number         0  dnaninf.o ABSOLUTE
    ../fplib/dretinf.s                       0x00000000   Number         0  dretinf.o ABSOLUTE
    ../fplib/fpinit.s                        0x00000000   Number         0  fpinit.o ABSOLUTE
    ../fplib/usenofp.s                       0x00000000   Number         0  usenofp.o ABSOLUTE
    FROGGER.c                                0x00000000   Number         0  frogger.o ABSOLUTE
    FROGGER.c                                0x00000000   Number         0  frogger.o ABSOLUTE
    GLCD_LPC1700.c                           0x00000000   Number         0  glcd_lpc1700.o ABSOLUTE
    GLCD_LPC1700.c                           0x00000000   Number         0  glcd_lpc1700.o ABSOLUTE
    GLCD_UTILS.c                             0x00000000   Number         0  glcd_utils.o ABSOLUTE
    GLCD_UTILS.c                             0x00000000   Number         0  glcd_utils.o ABSOLUTE
    RTE\Device\LPC1768\startup_LPC17xx.s     0x00000000   Number         0  startup_lpc17xx.o ABSOLUTE
    RTE\Device\LPC1768\system_LPC17xx.c      0x00000000   Number         0  system_lpc17xx.o ABSOLUTE
    RTE\\Device\\LPC1768\\system_LPC17xx.c   0x00000000   Number         0  system_lpc17xx.o ABSOLUTE
    dc.s                                     0x00000000   Number         0  dc.o ABSOLUTE
    uart.c                                   0x00000000   Number         0  uart.o ABSOLUTE
    uart.c                                   0x00000000   Number         0  uart.o ABSOLUTE
    !!!main                                  0x000000cc   Section        8  __main.o(!!!main)
    !!!scatter                               0x000000d4   Section       52  __scatter.o(!!!scatter)
    !!handler_copy                           0x00000108   Section       26  __scatter_copy.o(!!handler_copy)
    !!handler_zi                             0x00000124   Section       28  __scatter_zi.o(!!handler_zi)
    .ARM.Collect$$libinit$$00000000          0x00000140   Section        2  libinit.o(.ARM.Collect$$libinit$$00000000)
    .ARM.Collect$$libinit$$00000002          0x00000142   Section        0  libinit2.o(.ARM.Collect$$libinit$$00000002)
    .ARM.Collect$$libinit$$00000004          0x00000142   Section        0  libinit2.o(.ARM.Collect$$libinit$$00000004)
    .ARM.Collect$$libinit$$0000000A          0x00000142   Section        0  libinit2.o(.ARM.Collect$$libinit$$0000000A)
    .ARM.Collect$$libinit$$0000000C          0x00000142   Section        0  libinit2.o(.ARM.Collect$$libinit$$0000000C)
    .ARM.Collect$$libinit$$0000000E          0x00000142   Section        0  libinit2.o(.ARM.Collect$$libinit$$0000000E)
    .ARM.Collect$$libinit$$00000011          0x00000142   Section        0  libinit2.o(.ARM.Collect$$libinit$$00000011)
    .ARM.Collect$$libinit$$00000013          0x00000142   Section        0  libinit2.o(.ARM.Collect$$libinit$$00000013)
    .ARM.Collect$$libinit$$00000015          0x00000142   Section        0  libinit2.o(.ARM.Collect$$libinit$$00000015)
    .ARM.Collect$$libinit$$00000017          0x00000142   Section        0  libinit2.o(.ARM.Collect$$libinit$$00000017)
    .ARM.Collect$$libinit$$00000019          0x00000142   Section        0  libinit2.o(.ARM.Collect$$libinit$$00000019)
    .ARM.Collect$$libinit$$0000001B          0x00000142   Section        0  libinit2.o(.ARM.Collect$$libinit$$0000001B)
    .ARM.Collect$$libinit$$0000001D          0x00000142   Section        0  libinit2.o(.ARM.Collect$$libinit$$0000001D)
    .ARM.Collect$$libinit$$0000001F          0x00000142   Section        0  libinit2.o(.ARM.Collect$$libinit$$0000001F)
    .ARM.Collect$$libinit$$00000021          0x00000142   Section        0  libinit2.o(.ARM.Collect$$libinit$$00000021)
    .ARM.Collect$$libinit$$00000023          0x00000142   Section        0  libinit2.o(.ARM.Collect$$libinit$$00000023)
    .ARM.Collect$$libinit$$00000025          0x00000142   Section        0  libinit2.o(.ARM.Collect$$libinit$$00000025)
    .ARM.Collect$$libinit$$0000002C          0x00000142   Section        0  libinit2.o(.ARM.Collect$$libinit$$0000002C)
    .ARM.Collect$$libinit$$0000002E          0x00000142   Section        0  libinit2.o(.ARM.Collect$$libinit$$0000002E)
    .ARM.Collect$$libinit$$00000030          0x00000142   Section        0  libinit2.o(.ARM.Collect$$libinit$$00000030)
    .ARM.Collect$$libinit$$00000032          0x00000142   Section        0  libinit2.o(.ARM.Collect$$libinit$$00000032)
    .ARM.Collect$$libinit$$00000033          0x00000142   Section        2  libinit2.o(.ARM.Collect$$libinit$$00000033)
    .ARM.Collect$$libshutdown$$00000000      0x00000144   Section        2  libshutdown.o(.ARM.Collect$$libshutdown$$00000000)
    .ARM.Collect$$libshutdown$$00000002      0x00000146   Section        0  libshutdown2.o(.ARM.Collect$$libshutdown$$00000002)
    .ARM.Collect$$libshutdown$$00000004      0x00000146   Section        0  libshutdown2.o(.ARM.Collect$$libshutdown$$00000004)
    .ARM.Collect$$libshutdown$$00000007      0x00000146   Section        0  libshutdown2.o(.ARM.Collect$$libshutdown$$00000007)
    .ARM.Collect$$libshutdown$$0000000A      0x00000146   Section        0  libshutdown2.o(.ARM.Collect$$libshutdown$$0000000A)
    .ARM.Collect$$libshutdown$$0000000C      0x00000146   Section        0  libshutdown2.o(.ARM.Collect$$libshutdown$$0000000C)
    .ARM.Collect$$libshutdown$$0000000F      0x00000146   Section        0  libshutdown2.o(.ARM.Collect$$libshutdown$$0000000F)
    .ARM.Collect$$libshutdown$$00000010      0x00000146   Section        2  libshutdown2.o(.ARM.Collect$$libshutdown$$00000010)
    .ARM.Collect$$rtentry$$00000000          0x00000148   Section        0  __rtentry.o(.ARM.Collect$$rtentry$$00000000)
    .ARM.Collect$$rtentry$$00000002          0x00000148   Section        0  __rtentry2.o(.ARM.Collect$$rtentry$$00000002)
    .ARM.Collect$$rtentry$$00000004          0x00000148   Section        6  __rtentry4.o(.ARM.Collect$$rtentry$$00000004)
    .ARM.Collect$$rtentry$$00000009          0x0000014e   Section        0  __rtentry2.o(.ARM.Collect$$rtentry$$00000009)
    .ARM.Collect$$rtentry$$0000000A          0x0000014e   Section        4  __rtentry2.o(.ARM.Collect$$rtentry$$0000000A)
    .ARM.Collect$$rtentry$$0000000C          0x00000152   Section        0  __rtentry2.o(.ARM.Collect$$rtentry$$0000000C)
    .ARM.Collect$$rtentry$$0000000D          0x00000152   Section        8  __rtentry2.o(.ARM.Collect$$rtentry$$0000000D)
    .ARM.Collect$$rtexit$$00000000           0x0000015a   Section        2  rtexit.o(.ARM.Collect$$rtexit$$00000000)
    .ARM.Collect$$rtexit$$00000002           0x0000015c   Section        0  rtexit2.o(.ARM.Collect$$rtexit$$00000002)
    .ARM.Collect$$rtexit$$00000003           0x0000015c   Section        4  rtexit2.o(.ARM.Collect$$rtexit$$00000003)
    .ARM.Collect$$rtexit$$00000004           0x00000160   Section        6  rtexit2.o(.ARM.Collect$$rtexit$$00000004)
    .emb_text                                0x00000168   Section        4  glcd_lpc1700.o(.emb_text)
    .text                                    0x0000016c   Section       60  startup_lpc17xx.o(.text)
    .text                                    0x000001a8   Section        0  heapauxi.o(.text)
    .text                                    0x000001ae   Section       74  sys_stackheap_outer.o(.text)
    .text                                    0x000001f8   Section        0  exit.o(.text)
    .text                                    0x0000020c   Section        8  libspace.o(.text)
    .text                                    0x00000214   Section        0  sys_exit.o(.text)
    .text                                    0x00000220   Section        2  use_no_semi.o(.text)
    .text                                    0x00000222   Section        0  indicate_semi.o(.text)
    i.GLCD_Clear                             0x00000224   Section        0  glcd_lpc1700.o(i.GLCD_Clear)
    i.GLCD_DisplayChar                       0x0000028c   Section        0  glcd_lpc1700.o(i.GLCD_DisplayChar)
    i.GLCD_DisplayString                     0x000002bc   Section        0  glcd_lpc1700.o(i.GLCD_DisplayString)
    i.GLCD_SetTextColor                      0x000002e0   Section        0  glcd_lpc1700.o(i.GLCD_SetTextColor)
    i.delay                                  0x000002ec   Section        0  glcd_lpc1700.o(i.delay)
    delay                                    0x000002ed   Thumb Code    14  glcd_lpc1700.o(i.delay)
    x$fpl$usenofp                            0x000002fa   Section        0  usenofp.o(x$fpl$usenofp)
    .ARM.__at_0x02FC                         0x000002fc   Section        4  startup_lpc17xx.o(.ARM.__at_0x02FC)
    i.GLCD_DrawChar                          0x00000300   Section        0  glcd_lpc1700.o(i.GLCD_DrawChar)
    i.GLCD_Init                              0x000003f8   Section        0  glcd_lpc1700.o(i.GLCD_Init)
    i.GLCD_PutPixel                          0x00000c08   Section        0  glcd_lpc1700.o(i.GLCD_PutPixel)
    i.GLCD_WindowMax                         0x00000c74   Section        0  glcd_lpc1700.o(i.GLCD_WindowMax)
    i.NVIC_EnableIRQ                         0x00000cd0   Section        0  uart.o(i.NVIC_EnableIRQ)
    NVIC_EnableIRQ                           0x00000cd1   Thumb Code    22  uart.o(i.NVIC_EnableIRQ)
    i.SystemInit                             0x00000ce8   Section        0  system_lpc17xx.o(i.SystemInit)
    i.UART0_IRQHandler                       0x00000e28   Section        0  uart.o(i.UART0_IRQHandler)
    i.UART2_IRQHandler                       0x00000eec   Section        0  uart.o(i.UART2_IRQHandler)
    i.UARTInit                               0x00000fb0   Section        0  uart.o(i.UARTInit)
    i.UARTSend                               0x000010e0   Section        0  uart.o(i.UARTSend)
    i.bigboisquare                           0x00001140   Section        0  frogger.o(i.bigboisquare)
    i.biglogs                                0x0000125c   Section        0  frogger.o(i.biglogs)
    i.bigturtle                              0x00001310   Section        0  frogger.o(i.bigturtle)
    i.cars                                   0x000013b8   Section        0  frogger.o(i.cars)
    i.collision                              0x000014d4   Section        0  frogger.o(i.collision)
    i.drawsquare                             0x000015ec   Section        0  frogger.o(i.drawsquare)
    i.drawsquare1                            0x00001708   Section        0  frogger.o(i.drawsquare1)
    i.frogsquare                             0x00001824   Section        0  frogger.o(i.frogsquare)
    i.lcd_send                               0x00001940   Section        0  glcd_lpc1700.o(i.lcd_send)
    lcd_send                                 0x00001941   Thumb Code    44  glcd_lpc1700.o(i.lcd_send)
    i.logs                                   0x00001970   Section        0  frogger.o(i.logs)
    i.main                                   0x00001a88   Section        0  frogger.o(i.main)
    i.rd_dat                                 0x00005320   Section        0  glcd_lpc1700.o(i.rd_dat)
    rd_dat                                   0x00005321   Thumb Code    98  glcd_lpc1700.o(i.rd_dat)
    i.rd_reg                                 0x00005388   Section        0  glcd_lpc1700.o(i.rd_reg)
    rd_reg                                   0x00005389   Thumb Code    38  glcd_lpc1700.o(i.rd_reg)
    i.smallturtles                           0x000053b4   Section        0  frogger.o(i.smallturtles)
    i.trucks                                 0x000054cc   Section        0  frogger.o(i.trucks)
    i.wait_delay                             0x000055e8   Section        0  glcd_lpc1700.o(i.wait_delay)
    i.wr_cmd                                 0x000055f4   Section        0  glcd_lpc1700.o(i.wr_cmd)
    wr_cmd                                   0x000055f5   Thumb Code    44  glcd_lpc1700.o(i.wr_cmd)
    i.wr_dat                                 0x00005624   Section        0  glcd_lpc1700.o(i.wr_dat)
    wr_dat                                   0x00005625   Thumb Code    44  glcd_lpc1700.o(i.wr_dat)
    i.wr_dat_only                            0x00005654   Section        0  glcd_lpc1700.o(i.wr_dat_only)
    wr_dat_only                              0x00005655   Thumb Code    32  glcd_lpc1700.o(i.wr_dat_only)
    i.wr_dat_start                           0x00005678   Section        0  glcd_lpc1700.o(i.wr_dat_start)
    wr_dat_start                             0x00005679   Thumb Code    10  glcd_lpc1700.o(i.wr_dat_start)
    i.wr_dat_stop                            0x00005688   Section        0  glcd_lpc1700.o(i.wr_dat_stop)
    wr_dat_stop                              0x00005689   Thumb Code    10  glcd_lpc1700.o(i.wr_dat_stop)
    i.wr_reg                                 0x00005698   Section        0  glcd_lpc1700.o(i.wr_reg)
    wr_reg                                   0x00005699   Thumb Code    36  glcd_lpc1700.o(i.wr_reg)
    x$fpl$dadd                               0x000056c0   Section      336  daddsub_clz.o(x$fpl$dadd)
    _dadd1                                   0x000056d1   Thumb Code     0  daddsub_clz.o(x$fpl$dadd)
    x$fpl$dcmpinf                            0x00005810   Section       24  dcmpi.o(x$fpl$dcmpinf)
    x$fpl$ddiv                               0x00005828   Section      688  ddiv.o(x$fpl$ddiv)
    ddiv_entry                               0x0000582f   Thumb Code     0  ddiv.o(x$fpl$ddiv)
    x$fpl$dfix                               0x00005ad8   Section       94  dfix.o(x$fpl$dfix)
    x$fpl$dflt                               0x00005b36   Section       46  dflt_clz.o(x$fpl$dflt)
    x$fpl$dleqf                              0x00005b64   Section      120  dleqf.o(x$fpl$dleqf)
    x$fpl$dmul                               0x00005bdc   Section      340  dmul.o(x$fpl$dmul)
    x$fpl$dnaninf                            0x00005d30   Section      156  dnaninf.o(x$fpl$dnaninf)
    x$fpl$dretinf                            0x00005dcc   Section       12  dretinf.o(x$fpl$dretinf)
    x$fpl$dsub                               0x00005dd8   Section      468  daddsub_clz.o(x$fpl$dsub)
    _dsub1                                   0x00005de9   Thumb Code     0  daddsub_clz.o(x$fpl$dsub)
    .constdata                               0x00005fac   Section     5376  glcd_lpc1700.o(.constdata)
    .data                                    0x10000000   Section        6  glcd_lpc1700.o(.data)
    TextColor                                0x10000000   Data           2  glcd_lpc1700.o(.data)
    BackColor                                0x10000002   Data           2  glcd_lpc1700.o(.data)
    driverCode                               0x10000004   Data           2  glcd_lpc1700.o(.data)
    .data                                    0x10000008   Section       20  uart.o(.data)
    .data                                    0x1000001c   Section        4  system_lpc17xx.o(.data)
    .bss                                     0x10000020   Section      128  uart.o(.bss)
    .bss                                     0x100000a0   Section       96  libspace.o(.bss)
    HEAP                                     0x10000100   Section        0  startup_lpc17xx.o(HEAP)
    STACK                                    0x10000100   Section      512  startup_lpc17xx.o(STACK)
    Heap_Mem                                 0x10000100   Data           0  startup_lpc17xx.o(HEAP)
    Stack_Mem                                0x10000100   Data         512  startup_lpc17xx.o(STACK)
    __initial_sp                             0x10000300   Data           0  startup_lpc17xx.o(STACK)

    Global Symbols

    Symbol Name                              Value     Ov Type        Size  Object(Section)

    BuildAttributes$$THM_ISAv4$P$D$K$B$S$PE$A:L22UL41UL21$X:L11$S22US41US21$IEEE1$IW$USESV6$~STKCKD$USESV7$~SHL$OSPACE$ROPI$EBA8$UX$STANDARDLIB$REQ8$PRES8$EABIv2 0x00000000   Number         0  anon$$obj.o ABSOLUTE
    __ARM_use_no_argv                        0x00000000   Number         0  frogger.o ABSOLUTE
    __Vectors                                0x00000000   Data           4  startup_lpc17xx.o(RESET)
    __ARM_exceptions_init                     - Undefined Weak Reference
    __alloca_initialize                       - Undefined Weak Reference
    __arm_preinit_                            - Undefined Weak Reference
    __cpp_initialize__aeabi_                  - Undefined Weak Reference
    __cxa_finalize                            - Undefined Weak Reference
    __rt_locale                               - Undefined Weak Reference
    __sigvec_lookup                           - Undefined Weak Reference
    _atexit_init                              - Undefined Weak Reference
    _call_atexit_fns                          - Undefined Weak Reference
    _clock_init                               - Undefined Weak Reference
    _fp_trap_init                             - Undefined Weak Reference
    _fp_trap_shutdown                         - Undefined Weak Reference
    _get_lc_collate                           - Undefined Weak Reference
    _get_lc_ctype                             - Undefined Weak Reference
    _get_lc_monetary                          - Undefined Weak Reference
    _get_lc_numeric                           - Undefined Weak Reference
    _get_lc_time                              - Undefined Weak Reference
    _getenv_init                              - Undefined Weak Reference
    _handle_redirection                       - Undefined Weak Reference
    _init_alloc                               - Undefined Weak Reference
    _init_user_alloc                          - Undefined Weak Reference
    _initio                                   - Undefined Weak Reference
    _rand_init                                - Undefined Weak Reference
    _signal_finish                            - Undefined Weak Reference
    _signal_init                              - Undefined Weak Reference
    _terminate_alloc                          - Undefined Weak Reference
    _terminate_user_alloc                     - Undefined Weak Reference
    _terminateio                              - Undefined Weak Reference
    __main                                   0x000000cd   Thumb Code     8  __main.o(!!!main)
    __scatterload                            0x000000d5   Thumb Code     0  __scatter.o(!!!scatter)
    __scatterload_rt2                        0x000000d5   Thumb Code    44  __scatter.o(!!!scatter)
    __scatterload_rt2_thumb_only             0x000000d5   Thumb Code     0  __scatter.o(!!!scatter)
    __scatterload_null                       0x000000e3   Thumb Code     0  __scatter.o(!!!scatter)
    __scatterload_copy                       0x00000109   Thumb Code    26  __scatter_copy.o(!!handler_copy)
    __scatterload_zeroinit                   0x00000125   Thumb Code    28  __scatter_zi.o(!!handler_zi)
    __rt_lib_init                            0x00000141   Thumb Code     0  libinit.o(.ARM.Collect$$libinit$$00000000)
    __rt_lib_init_alloca_1                   0x00000143   Thumb Code     0  libinit2.o(.ARM.Collect$$libinit$$0000002E)
    __rt_lib_init_argv_1                     0x00000143   Thumb Code     0  libinit2.o(.ARM.Collect$$libinit$$0000002C)
    __rt_lib_init_atexit_1                   0x00000143   Thumb Code     0  libinit2.o(.ARM.Collect$$libinit$$0000001B)
    __rt_lib_init_clock_1                    0x00000143   Thumb Code     0  libinit2.o(.ARM.Collect$$libinit$$00000021)
    __rt_lib_init_cpp_1                      0x00000143   Thumb Code     0  libinit2.o(.ARM.Collect$$libinit$$00000032)
    __rt_lib_init_exceptions_1               0x00000143   Thumb Code     0  libinit2.o(.ARM.Collect$$libinit$$00000030)
    __rt_lib_init_fp_1                       0x00000143   Thumb Code     0  libinit2.o(.ARM.Collect$$libinit$$00000002)
    __rt_lib_init_fp_trap_1                  0x00000143   Thumb Code     0  libinit2.o(.ARM.Collect$$libinit$$0000001F)
    __rt_lib_init_getenv_1                   0x00000143   Thumb Code     0  libinit2.o(.ARM.Collect$$libinit$$00000023)
    __rt_lib_init_heap_1                     0x00000143   Thumb Code     0  libinit2.o(.ARM.Collect$$libinit$$0000000A)
    __rt_lib_init_lc_collate_1               0x00000143   Thumb Code     0  libinit2.o(.ARM.Collect$$libinit$$00000011)
    __rt_lib_init_lc_ctype_1                 0x00000143   Thumb Code     0  libinit2.o(.ARM.Collect$$libinit$$00000013)
    __rt_lib_init_lc_monetary_1              0x00000143   Thumb Code     0  libinit2.o(.ARM.Collect$$libinit$$00000015)
    __rt_lib_init_lc_numeric_1               0x00000143   Thumb Code     0  libinit2.o(.ARM.Collect$$libinit$$00000017)
    __rt_lib_init_lc_time_1                  0x00000143   Thumb Code     0  libinit2.o(.ARM.Collect$$libinit$$00000019)
    __rt_lib_init_preinit_1                  0x00000143   Thumb Code     0  libinit2.o(.ARM.Collect$$libinit$$00000004)
    __rt_lib_init_rand_1                     0x00000143   Thumb Code     0  libinit2.o(.ARM.Collect$$libinit$$0000000E)
    __rt_lib_init_return                     0x00000143   Thumb Code     0  libinit2.o(.ARM.Collect$$libinit$$00000033)
    __rt_lib_init_signal_1                   0x00000143   Thumb Code     0  libinit2.o(.ARM.Collect$$libinit$$0000001D)
    __rt_lib_init_stdio_1                    0x00000143   Thumb Code     0  libinit2.o(.ARM.Collect$$libinit$$00000025)
    __rt_lib_init_user_alloc_1               0x00000143   Thumb Code     0  libinit2.o(.ARM.Collect$$libinit$$0000000C)
    __rt_lib_shutdown                        0x00000145   Thumb Code     0  libshutdown.o(.ARM.Collect$$libshutdown$$00000000)
    __rt_lib_shutdown_cpp_1                  0x00000147   Thumb Code     0  libshutdown2.o(.ARM.Collect$$libshutdown$$00000002)
    __rt_lib_shutdown_fp_trap_1              0x00000147   Thumb Code     0  libshutdown2.o(.ARM.Collect$$libshutdown$$00000007)
    __rt_lib_shutdown_heap_1                 0x00000147   Thumb Code     0  libshutdown2.o(.ARM.Collect$$libshutdown$$0000000F)
    __rt_lib_shutdown_return                 0x00000147   Thumb Code     0  libshutdown2.o(.ARM.Collect$$libshutdown$$00000010)
    __rt_lib_shutdown_signal_1               0x00000147   Thumb Code     0  libshutdown2.o(.ARM.Collect$$libshutdown$$0000000A)
    __rt_lib_shutdown_stdio_1                0x00000147   Thumb Code     0  libshutdown2.o(.ARM.Collect$$libshutdown$$00000004)
    __rt_lib_shutdown_user_alloc_1           0x00000147   Thumb Code     0  libshutdown2.o(.ARM.Collect$$libshutdown$$0000000C)
    __rt_entry                               0x00000149   Thumb Code     0  __rtentry.o(.ARM.Collect$$rtentry$$00000000)
    __rt_entry_presh_1                       0x00000149   Thumb Code     0  __rtentry2.o(.ARM.Collect$$rtentry$$00000002)
    __rt_entry_sh                            0x00000149   Thumb Code     0  __rtentry4.o(.ARM.Collect$$rtentry$$00000004)
    __rt_entry_li                            0x0000014f   Thumb Code     0  __rtentry2.o(.ARM.Collect$$rtentry$$0000000A)
    __rt_entry_postsh_1                      0x0000014f   Thumb Code     0  __rtentry2.o(.ARM.Collect$$rtentry$$00000009)
    __rt_entry_main                          0x00000153   Thumb Code     0  __rtentry2.o(.ARM.Collect$$rtentry$$0000000D)
    __rt_entry_postli_1                      0x00000153   Thumb Code     0  __rtentry2.o(.ARM.Collect$$rtentry$$0000000C)
    __rt_exit                                0x0000015b   Thumb Code     0  rtexit.o(.ARM.Collect$$rtexit$$00000000)
    __rt_exit_ls                             0x0000015d   Thumb Code     0  rtexit2.o(.ARM.Collect$$rtexit$$00000003)
    __rt_exit_prels_1                        0x0000015d   Thumb Code     0  rtexit2.o(.ARM.Collect$$rtexit$$00000002)
    __rt_exit_exit                           0x00000161   Thumb Code     0  rtexit2.o(.ARM.Collect$$rtexit$$00000004)
    wait                                     0x00000169   Thumb Code     4  glcd_lpc1700.o(.emb_text)
    Reset_Handler                            0x0000016d   Thumb Code     8  startup_lpc17xx.o(.text)
    NMI_Handler                              0x00000175   Thumb Code     2  startup_lpc17xx.o(.text)
    HardFault_Handler                        0x00000177   Thumb Code     2  startup_lpc17xx.o(.text)
    MemManage_Handler                        0x00000179   Thumb Code     2  startup_lpc17xx.o(.text)
    BusFault_Handler                         0x0000017b   Thumb Code     2  startup_lpc17xx.o(.text)
    UsageFault_Handler                       0x0000017d   Thumb Code     2  startup_lpc17xx.o(.text)
    SVC_Handler                              0x0000017f   Thumb Code     2  startup_lpc17xx.o(.text)
    DebugMon_Handler                         0x00000181   Thumb Code     2  startup_lpc17xx.o(.text)
    PendSV_Handler                           0x00000183   Thumb Code     2  startup_lpc17xx.o(.text)
    SysTick_Handler                          0x00000185   Thumb Code     2  startup_lpc17xx.o(.text)
    ADC_IRQHandler                           0x00000187   Thumb Code     0  startup_lpc17xx.o(.text)
    BOD_IRQHandler                           0x00000187   Thumb Code     0  startup_lpc17xx.o(.text)
    CANActivity_IRQHandler                   0x00000187   Thumb Code     0  startup_lpc17xx.o(.text)
    CAN_IRQHandler                           0x00000187   Thumb Code     0  startup_lpc17xx.o(.text)
    DMA_IRQHandler                           0x00000187   Thumb Code     0  startup_lpc17xx.o(.text)
    EINT0_IRQHandler                         0x00000187   Thumb Code     0  startup_lpc17xx.o(.text)
    EINT1_IRQHandler                         0x00000187   Thumb Code     0  startup_lpc17xx.o(.text)
    EINT2_IRQHandler                         0x00000187   Thumb Code     0  startup_lpc17xx.o(.text)
    EINT3_IRQHandler                         0x00000187   Thumb Code     0  startup_lpc17xx.o(.text)
    ENET_IRQHandler                          0x00000187   Thumb Code     0  startup_lpc17xx.o(.text)
    I2C0_IRQHandler                          0x00000187   Thumb Code     0  startup_lpc17xx.o(.text)
    I2C1_IRQHandler                          0x00000187   Thumb Code     0  startup_lpc17xx.o(.text)
    I2C2_IRQHandler                          0x00000187   Thumb Code     0  startup_lpc17xx.o(.text)
    I2S_IRQHandler                           0x00000187   Thumb Code     0  startup_lpc17xx.o(.text)
    MCPWM_IRQHandler                         0x00000187   Thumb Code     0  startup_lpc17xx.o(.text)
    PLL0_IRQHandler                          0x00000187   Thumb Code     0  startup_lpc17xx.o(.text)
    PLL1_IRQHandler                          0x00000187   Thumb Code     0  startup_lpc17xx.o(.text)
    PWM1_IRQHandler                          0x00000187   Thumb Code     0  startup_lpc17xx.o(.text)
    QEI_IRQHandler                           0x00000187   Thumb Code     0  startup_lpc17xx.o(.text)
    RIT_IRQHandler                           0x00000187   Thumb Code     0  startup_lpc17xx.o(.text)
    RTC_IRQHandler                           0x00000187   Thumb Code     0  startup_lpc17xx.o(.text)
    SPI_IRQHandler                           0x00000187   Thumb Code     0  startup_lpc17xx.o(.text)
    SSP0_IRQHandler                          0x00000187   Thumb Code     0  startup_lpc17xx.o(.text)
    SSP1_IRQHandler                          0x00000187   Thumb Code     0  startup_lpc17xx.o(.text)
    TIMER0_IRQHandler                        0x00000187   Thumb Code     0  startup_lpc17xx.o(.text)
    TIMER1_IRQHandler                        0x00000187   Thumb Code     0  startup_lpc17xx.o(.text)
    TIMER2_IRQHandler                        0x00000187   Thumb Code     0  startup_lpc17xx.o(.text)
    TIMER3_IRQHandler                        0x00000187   Thumb Code     0  startup_lpc17xx.o(.text)
    UART1_IRQHandler                         0x00000187   Thumb Code     0  startup_lpc17xx.o(.text)
    UART3_IRQHandler                         0x00000187   Thumb Code     0  startup_lpc17xx.o(.text)
    USBActivity_IRQHandler                   0x00000187   Thumb Code     0  startup_lpc17xx.o(.text)
    USB_IRQHandler                           0x00000187   Thumb Code     0  startup_lpc17xx.o(.text)
    WDT_IRQHandler                           0x00000187   Thumb Code     0  startup_lpc17xx.o(.text)
    __user_initial_stackheap                 0x00000189   Thumb Code     0  startup_lpc17xx.o(.text)
    __use_two_region_memory                  0x000001a9   Thumb Code     2  heapauxi.o(.text)
    __rt_heap_escrow$2region                 0x000001ab   Thumb Code     2  heapauxi.o(.text)
    __rt_heap_expand$2region                 0x000001ad   Thumb Code     2  heapauxi.o(.text)
    __user_setup_stackheap                   0x000001af   Thumb Code    74  sys_stackheap_outer.o(.text)
    exit                                     0x000001f9   Thumb Code    18  exit.o(.text)
    __user_libspace                          0x0000020d   Thumb Code     8  libspace.o(.text)
    __user_perproc_libspace                  0x0000020d   Thumb Code     0  libspace.o(.text)
    __user_perthread_libspace                0x0000020d   Thumb Code     0  libspace.o(.text)
    _sys_exit                                0x00000215   Thumb Code     8  sys_exit.o(.text)
    __I$use$semihosting                      0x00000221   Thumb Code     0  use_no_semi.o(.text)
    __use_no_semihosting_swi                 0x00000221   Thumb Code     2  use_no_semi.o(.text)
    __semihosting_library_function           0x00000223   Thumb Code     0  indicate_semi.o(.text)
    GLCD_Clear                               0x00000225   Thumb Code    96  glcd_lpc1700.o(i.GLCD_Clear)
    GLCD_DisplayChar                         0x0000028d   Thumb Code    42  glcd_lpc1700.o(i.GLCD_DisplayChar)
    GLCD_DisplayString                       0x000002bd   Thumb Code    36  glcd_lpc1700.o(i.GLCD_DisplayString)
    GLCD_SetTextColor                        0x000002e1   Thumb Code     6  glcd_lpc1700.o(i.GLCD_SetTextColor)
    __I$use$fp                               0x000002fa   Number         0  usenofp.o(x$fpl$usenofp)
    GLCD_DrawChar                            0x00000301   Thumb Code   232  glcd_lpc1700.o(i.GLCD_DrawChar)
    GLCD_Init                                0x000003f9   Thumb Code  2060  glcd_lpc1700.o(i.GLCD_Init)
    GLCD_PutPixel                            0x00000c09   Thumb Code    96  glcd_lpc1700.o(i.GLCD_PutPixel)
    GLCD_WindowMax                           0x00000c75   Thumb Code    88  glcd_lpc1700.o(i.GLCD_WindowMax)
    SystemInit                               0x00000ce9   Thumb Code   302  system_lpc17xx.o(i.SystemInit)
    UART0_IRQHandler                         0x00000e29   Thumb Code   174  uart.o(i.UART0_IRQHandler)
    UART2_IRQHandler                         0x00000eed   Thumb Code   174  uart.o(i.UART2_IRQHandler)
    UARTInit                                 0x00000fb1   Thumb Code   278  uart.o(i.UARTInit)
    UARTSend                                 0x000010e1   Thumb Code    80  uart.o(i.UARTSend)
    bigboisquare                             0x00001141   Thumb Code   268  frogger.o(i.bigboisquare)
    biglogs                                  0x0000125d   Thumb Code   170  frogger.o(i.biglogs)
    bigturtle                                0x00001311   Thumb Code   162  frogger.o(i.bigturtle)
    cars                                     0x000013b9   Thumb Code   272  frogger.o(i.cars)
    collision                                0x000014d5   Thumb Code   266  frogger.o(i.collision)
    drawsquare                               0x000015ed   Thumb Code   272  frogger.o(i.drawsquare)
    drawsquare1                              0x00001709   Thumb Code   276  frogger.o(i.drawsquare1)
    frogsquare                               0x00001825   Thumb Code   276  frogger.o(i.frogsquare)
    logs                                     0x00001971   Thumb Code   272  frogger.o(i.logs)
    main                                     0x00001a89   Thumb Code 14486  frogger.o(i.main)
    smallturtles                             0x000053b5   Thumb Code   268  frogger.o(i.smallturtles)
    trucks                                   0x000054cd   Thumb Code   276  frogger.o(i.trucks)
    wait_delay                               0x000055e9   Thumb Code    12  glcd_lpc1700.o(i.wait_delay)
    __aeabi_dadd                             0x000056c1   Thumb Code     0  daddsub_clz.o(x$fpl$dadd)
    _dadd                                    0x000056c1   Thumb Code   332  daddsub_clz.o(x$fpl$dadd)
    __fpl_dcmp_Inf                           0x00005811   Thumb Code    24  dcmpi.o(x$fpl$dcmpinf)
    __aeabi_ddiv                             0x00005829   Thumb Code     0  ddiv.o(x$fpl$ddiv)
    _ddiv                                    0x00005829   Thumb Code   552  ddiv.o(x$fpl$ddiv)
    __aeabi_d2iz                             0x00005ad9   Thumb Code     0  dfix.o(x$fpl$dfix)
    _dfix                                    0x00005ad9   Thumb Code    94  dfix.o(x$fpl$dfix)
    __aeabi_i2d                              0x00005b37   Thumb Code     0  dflt_clz.o(x$fpl$dflt)
    _dflt                                    0x00005b37   Thumb Code    46  dflt_clz.o(x$fpl$dflt)
    __aeabi_cdcmple                          0x00005b65   Thumb Code     0  dleqf.o(x$fpl$dleqf)
    _dcmple                                  0x00005b65   Thumb Code   120  dleqf.o(x$fpl$dleqf)
    __fpl_dcmple_InfNaN                      0x00005bc7   Thumb Code     0  dleqf.o(x$fpl$dleqf)
    __aeabi_dmul                             0x00005bdd   Thumb Code     0  dmul.o(x$fpl$dmul)
    _dmul                                    0x00005bdd   Thumb Code   332  dmul.o(x$fpl$dmul)
    __fpl_dnaninf                            0x00005d31   Thumb Code   156  dnaninf.o(x$fpl$dnaninf)
    __fpl_dretinf                            0x00005dcd   Thumb Code    12  dretinf.o(x$fpl$dretinf)
    __aeabi_dsub                             0x00005dd9   Thumb Code     0  daddsub_clz.o(x$fpl$dsub)
    _dsub                                    0x00005dd9   Thumb Code   464  daddsub_clz.o(x$fpl$dsub)
    Font_24x16                               0x00005fac   Data        5376  glcd_lpc1700.o(.constdata)
    Region$$Table$$Base                      0x000074ac   Number         0  anon$$obj.o(Region$$Table)
    Region$$Table$$Limit                     0x000074cc   Number         0  anon$$obj.o(Region$$Table)
    UART0_Status                             0x10000008   Data           4  uart.o(.data)
    UART2_Status                             0x1000000c   Data           4  uart.o(.data)
    UART0_TxEmpty                            0x10000010   Data           1  uart.o(.data)
    UART2_TxEmpty                            0x10000011   Data           1  uart.o(.data)
    UART0_Count                              0x10000014   Data           4  uart.o(.data)
    UART2_Count                              0x10000018   Data           4  uart.o(.data)
    SystemCoreClock                          0x1000001c   Data           4  system_lpc17xx.o(.data)
    UART0_Buffer                             0x10000020   Data          64  uart.o(.bss)
    UART2_Buffer                             0x10000060   Data          64  uart.o(.bss)
    __libspace_start                         0x100000a0   Data          96  libspace.o(.bss)
    __temporary_stack_top$libspace           0x10000100   Data           0  libspace.o(.bss)



==============================================================================

Memory Map of the image

  Image Entry point : 0x0000016d

  Load Region LR_1 (Base: 0x00000000, Size: 0x000074ec, Max: 0xffffffff, ABSOLUTE)

    Execution Region ER_RO (Base: 0x00000000, Size: 0x000074cc, Max: 0xffffffff, ABSOLUTE)

    Base Addr    Size         Type   Attr      Idx    E Section Name        Object

    0x00000000   0x000000cc   Data   RO          413    RESET               startup_lpc17xx.o
    0x000000cc   0x00000008   Code   RO          463  * !!!main             c_w.l(__main.o)
    0x000000d4   0x00000034   Code   RO          661    !!!scatter          c_w.l(__scatter.o)
    0x00000108   0x0000001a   Code   RO          663    !!handler_copy      c_w.l(__scatter_copy.o)
    0x00000122   0x00000002   PAD
    0x00000124   0x0000001c   Code   RO          665    !!handler_zi        c_w.l(__scatter_zi.o)
    0x00000140   0x00000002   Code   RO          531    .ARM.Collect$$libinit$$00000000  c_w.l(libinit.o)
    0x00000142   0x00000000   Code   RO          544    .ARM.Collect$$libinit$$00000002  c_w.l(libinit2.o)
    0x00000142   0x00000000   Code   RO          546    .ARM.Collect$$libinit$$00000004  c_w.l(libinit2.o)
    0x00000142   0x00000000   Code   RO          549    .ARM.Collect$$libinit$$0000000A  c_w.l(libinit2.o)
    0x00000142   0x00000000   Code   RO          551    .ARM.Collect$$libinit$$0000000C  c_w.l(libinit2.o)
    0x00000142   0x00000000   Code   RO          553    .ARM.Collect$$libinit$$0000000E  c_w.l(libinit2.o)
    0x00000142   0x00000000   Code   RO          556    .ARM.Collect$$libinit$$00000011  c_w.l(libinit2.o)
    0x00000142   0x00000000   Code   RO          558    .ARM.Collect$$libinit$$00000013  c_w.l(libinit2.o)
    0x00000142   0x00000000   Code   RO          560    .ARM.Collect$$libinit$$00000015  c_w.l(libinit2.o)
    0x00000142   0x00000000   Code   RO          562    .ARM.Collect$$libinit$$00000017  c_w.l(libinit2.o)
    0x00000142   0x00000000   Code   RO          564    .ARM.Collect$$libinit$$00000019  c_w.l(libinit2.o)
    0x00000142   0x00000000   Code   RO          566    .ARM.Collect$$libinit$$0000001B  c_w.l(libinit2.o)
    0x00000142   0x00000000   Code   RO          568    .ARM.Collect$$libinit$$0000001D  c_w.l(libinit2.o)
    0x00000142   0x00000000   Code   RO          570    .ARM.Collect$$libinit$$0000001F  c_w.l(libinit2.o)
    0x00000142   0x00000000   Code   RO          572    .ARM.Collect$$libinit$$00000021  c_w.l(libinit2.o)
    0x00000142   0x00000000   Code   RO          574    .ARM.Collect$$libinit$$00000023  c_w.l(libinit2.o)
    0x00000142   0x00000000   Code   RO          576    .ARM.Collect$$libinit$$00000025  c_w.l(libinit2.o)
    0x00000142   0x00000000   Code   RO          580    .ARM.Collect$$libinit$$0000002C  c_w.l(libinit2.o)
    0x00000142   0x00000000   Code   RO          582    .ARM.Collect$$libinit$$0000002E  c_w.l(libinit2.o)
    0x00000142   0x00000000   Code   RO          584    .ARM.Collect$$libinit$$00000030  c_w.l(libinit2.o)
    0x00000142   0x00000000   Code   RO          586    .ARM.Collect$$libinit$$00000032  c_w.l(libinit2.o)
    0x00000142   0x00000002   Code   RO          587    .ARM.Collect$$libinit$$00000033  c_w.l(libinit2.o)
    0x00000144   0x00000002   Code   RO          618    .ARM.Collect$$libshutdown$$00000000  c_w.l(libshutdown.o)
    0x00000146   0x00000000   Code   RO          644    .ARM.Collect$$libshutdown$$00000002  c_w.l(libshutdown2.o)
    0x00000146   0x00000000   Code   RO          646    .ARM.Collect$$libshutdown$$00000004  c_w.l(libshutdown2.o)
    0x00000146   0x00000000   Code   RO          649    .ARM.Collect$$libshutdown$$00000007  c_w.l(libshutdown2.o)
    0x00000146   0x00000000   Code   RO          652    .ARM.Collect$$libshutdown$$0000000A  c_w.l(libshutdown2.o)
    0x00000146   0x00000000   Code   RO          654    .ARM.Collect$$libshutdown$$0000000C  c_w.l(libshutdown2.o)
    0x00000146   0x00000000   Code   RO          657    .ARM.Collect$$libshutdown$$0000000F  c_w.l(libshutdown2.o)
    0x00000146   0x00000002   Code   RO          658    .ARM.Collect$$libshutdown$$00000010  c_w.l(libshutdown2.o)
    0x00000148   0x00000000   Code   RO          489    .ARM.Collect$$rtentry$$00000000  c_w.l(__rtentry.o)
    0x00000148   0x00000000   Code   RO          502    .ARM.Collect$$rtentry$$00000002  c_w.l(__rtentry2.o)
    0x00000148   0x00000006   Code   RO          514    .ARM.Collect$$rtentry$$00000004  c_w.l(__rtentry4.o)
    0x0000014e   0x00000000   Code   RO          504    .ARM.Collect$$rtentry$$00000009  c_w.l(__rtentry2.o)
    0x0000014e   0x00000004   Code   RO          505    .ARM.Collect$$rtentry$$0000000A  c_w.l(__rtentry2.o)
    0x00000152   0x00000000   Code   RO          507    .ARM.Collect$$rtentry$$0000000C  c_w.l(__rtentry2.o)
    0x00000152   0x00000008   Code   RO          508    .ARM.Collect$$rtentry$$0000000D  c_w.l(__rtentry2.o)
    0x0000015a   0x00000002   Code   RO          535    .ARM.Collect$$rtexit$$00000000  c_w.l(rtexit.o)
    0x0000015c   0x00000000   Code   RO          591    .ARM.Collect$$rtexit$$00000002  c_w.l(rtexit2.o)
    0x0000015c   0x00000004   Code   RO          592    .ARM.Collect$$rtexit$$00000003  c_w.l(rtexit2.o)
    0x00000160   0x00000006   Code   RO          593    .ARM.Collect$$rtexit$$00000004  c_w.l(rtexit2.o)
    0x00000166   0x00000002   PAD
    0x00000168   0x00000004   Code   RO          133    .emb_text           glcd_lpc1700.o
    0x0000016c   0x0000003c   Code   RO          415  * .text               startup_lpc17xx.o
    0x000001a8   0x00000006   Code   RO          461    .text               c_w.l(heapauxi.o)
    0x000001ae   0x0000004a   Code   RO          518    .text               c_w.l(sys_stackheap_outer.o)
    0x000001f8   0x00000012   Code   RO          520    .text               c_w.l(exit.o)
    0x0000020a   0x00000002   PAD
    0x0000020c   0x00000008   Code   RO          532    .text               c_w.l(libspace.o)
    0x00000214   0x0000000c   Code   RO          588    .text               c_w.l(sys_exit.o)
    0x00000220   0x00000002   Code   RO          607    .text               c_w.l(use_no_semi.o)
    0x00000222   0x00000000   Code   RO          609    .text               c_w.l(indicate_semi.o)
    0x00000222   0x00000002   PAD
    0x00000224   0x00000068   Code   RO          137    i.GLCD_Clear        glcd_lpc1700.o
    0x0000028c   0x00000030   Code   RO          139    i.GLCD_DisplayChar  glcd_lpc1700.o
    0x000002bc   0x00000024   Code   RO          140    i.GLCD_DisplayString  glcd_lpc1700.o
    0x000002e0   0x0000000c   Code   RO          145    i.GLCD_SetTextColor  glcd_lpc1700.o
    0x000002ec   0x0000000e   Code   RO          147    i.delay             glcd_lpc1700.o
    0x000002fa   0x00000000   Code   RO          500    x$fpl$usenofp       fz_ws.l(usenofp.o)
    0x000002fa   0x00000002   PAD
    0x000002fc   0x00000004   Code   RO          414    .ARM.__at_0x02FC    startup_lpc17xx.o
    0x00000300   0x000000f8   Code   RO          141    i.GLCD_DrawChar     glcd_lpc1700.o
    0x000003f8   0x00000810   Code   RO          142    i.GLCD_Init         glcd_lpc1700.o
    0x00000c08   0x0000006c   Code   RO          143    i.GLCD_PutPixel     glcd_lpc1700.o
    0x00000c74   0x0000005c   Code   RO          146    i.GLCD_WindowMax    glcd_lpc1700.o
    0x00000cd0   0x00000016   Code   RO          356    i.NVIC_EnableIRQ    uart.o
    0x00000ce6   0x00000002   PAD
    0x00000ce8   0x00000140   Code   RO          425    i.SystemInit        system_lpc17xx.o
    0x00000e28   0x000000c4   Code   RO          357    i.UART0_IRQHandler  uart.o
    0x00000eec   0x000000c4   Code   RO          358    i.UART2_IRQHandler  uart.o
    0x00000fb0   0x00000130   Code   RO          359    i.UARTInit          uart.o
    0x000010e0   0x00000060   Code   RO          360    i.UARTSend          uart.o
    0x00001140   0x0000011c   Code   RO            4    i.bigboisquare      frogger.o
    0x0000125c   0x000000b4   Code   RO            5    i.biglogs           frogger.o
    0x00001310   0x000000a8   Code   RO            6    i.bigturtle         frogger.o
    0x000013b8   0x0000011c   Code   RO            7    i.cars              frogger.o
    0x000014d4   0x00000118   Code   RO            8    i.collision         frogger.o
    0x000015ec   0x0000011c   Code   RO           10    i.drawsquare        frogger.o
    0x00001708   0x0000011c   Code   RO           11    i.drawsquare1       frogger.o
    0x00001824   0x0000011c   Code   RO           12    i.frogsquare        frogger.o
    0x00001940   0x00000030   Code   RO          148    i.lcd_send          glcd_lpc1700.o
    0x00001970   0x00000118   Code   RO           13    i.logs              frogger.o
    0x00001a88   0x00003896   Code   RO           14    i.main              frogger.o
    0x0000531e   0x00000002   PAD
    0x00005320   0x00000068   Code   RO          149    i.rd_dat            glcd_lpc1700.o
    0x00005388   0x0000002c   Code   RO          150    i.rd_reg            glcd_lpc1700.o
    0x000053b4   0x00000118   Code   RO           15    i.smallturtles      frogger.o
    0x000054cc   0x0000011c   Code   RO           16    i.trucks            frogger.o
    0x000055e8   0x0000000c   Code   RO          151    i.wait_delay        glcd_lpc1700.o
    0x000055f4   0x00000030   Code   RO          152    i.wr_cmd            glcd_lpc1700.o
    0x00005624   0x00000030   Code   RO          153    i.wr_dat            glcd_lpc1700.o
    0x00005654   0x00000024   Code   RO          154    i.wr_dat_only       glcd_lpc1700.o
    0x00005678   0x00000010   Code   RO          155    i.wr_dat_start      glcd_lpc1700.o
    0x00005688   0x00000010   Code   RO          156    i.wr_dat_stop       glcd_lpc1700.o
    0x00005698   0x00000028   Code   RO          157    i.wr_reg            glcd_lpc1700.o
    0x000056c0   0x00000150   Code   RO          465    x$fpl$dadd          fz_ws.l(daddsub_clz.o)
    0x00005810   0x00000018   Code   RO          494    x$fpl$dcmpinf       fz_ws.l(dcmpi.o)
    0x00005828   0x000002b0   Code   RO          472    x$fpl$ddiv          fz_ws.l(ddiv.o)
    0x00005ad8   0x0000005e   Code   RO          475    x$fpl$dfix          fz_ws.l(dfix.o)
    0x00005b36   0x0000002e   Code   RO          480    x$fpl$dflt          fz_ws.l(dflt_clz.o)
    0x00005b64   0x00000078   Code   RO          485    x$fpl$dleqf         fz_ws.l(dleqf.o)
    0x00005bdc   0x00000154   Code   RO          487    x$fpl$dmul          fz_ws.l(dmul.o)
    0x00005d30   0x0000009c   Code   RO          496    x$fpl$dnaninf       fz_ws.l(dnaninf.o)
    0x00005dcc   0x0000000c   Code   RO          498    x$fpl$dretinf       fz_ws.l(dretinf.o)
    0x00005dd8   0x000001d4   Code   RO          467    x$fpl$dsub          fz_ws.l(daddsub_clz.o)
    0x00005fac   0x00001500   Data   RO          158    .constdata          glcd_lpc1700.o
    0x000074ac   0x00000020   Data   RO          659    Region$$Table       anon$$obj.o


    Execution Region ER_RW (Base: 0x10000000, Size: 0x00000020, Max: 0xffffffff, ABSOLUTE)

    Base Addr    Size         Type   Attr      Idx    E Section Name        Object

    0x10000000   0x00000006   Data   RW          159    .data               glcd_lpc1700.o
    0x10000006   0x00000002   PAD
    0x10000008   0x00000014   Data   RW          362    .data               uart.o
    0x1000001c   0x00000004   Data   RW          426    .data               system_lpc17xx.o


    Execution Region ER_ZI (Base: 0x10000020, Size: 0x000002e0, Max: 0xffffffff, ABSOLUTE)

    Base Addr    Size         Type   Attr      Idx    E Section Name        Object

    0x10000020   0x00000080   Zero   RW          361    .bss                uart.o
    0x100000a0   0x00000060   Zero   RW          533    .bss                c_w.l(libspace.o)
    0x10000100   0x00000000   Zero   RW          412    HEAP                startup_lpc17xx.o
    0x10000100   0x00000200   Zero   RW          411    STACK               startup_lpc17xx.o


==============================================================================

Image component sizes


      Code (inc. data)   RO Data    RW Data    ZI Data      Debug   Object Name

     17378        234          0          0          0      17570   frogger.o
      3142        108       5376          6          0      28452   glcd_lpc1700.o
        64         26        204          0        512        936   startup_lpc17xx.o
       320         18          0          4          0        743   system_lpc17xx.o
       814         86          0         20        128      27141   uart.o

    ----------------------------------------------------------------------
     21722        472       5612         32        640      74842   Object Totals
         0          0         32          0          0          0   (incl. Generated)
         4          0          0          2          0          0   (incl. Padding)

    ----------------------------------------------------------------------

      Code (inc. data)   RO Data    RW Data    ZI Data      Debug   Library Member Name

         8          0          0          0          0         68   __main.o
         0          0          0          0          0          0   __rtentry.o
        12          0          0          0          0          0   __rtentry2.o
         6          0          0          0          0          0   __rtentry4.o
        52          8          0          0          0          0   __scatter.o
        26          0          0          0          0          0   __scatter_copy.o
        28          0          0          0          0          0   __scatter_zi.o
        18          0          0          0          0         80   exit.o
         6          0          0          0          0        152   heapauxi.o
         0          0          0          0          0          0   indicate_semi.o
         2          0          0          0          0          0   libinit.o
         2          0          0          0          0          0   libinit2.o
         2          0          0          0          0          0   libshutdown.o
         2          0          0          0          0          0   libshutdown2.o
         8          4          0          0         96         68   libspace.o
         2          0          0          0          0          0   rtexit.o
        10          0          0          0          0          0   rtexit2.o
        12          4          0          0          0         68   sys_exit.o
        74          0          0          0          0         80   sys_stackheap_outer.o
         2          0          0          0          0         68   use_no_semi.o
       804         16          0          0          0        272   daddsub_clz.o
        24          0          0          0          0         68   dcmpi.o
       688        140          0          0          0        208   ddiv.o
        94          4          0          0          0         92   dfix.o
        46          0          0          0          0         68   dflt_clz.o
       120          4          0          0          0         92   dleqf.o
       340         12          0          0          0        104   dmul.o
       156          4          0          0          0         92   dnaninf.o
        12          0          0          0          0         68   dretinf.o
         0          0          0          0          0          0   usenofp.o

    ----------------------------------------------------------------------
      2566        196          0          0         96       1648   Library Totals
        10          0          0          0          0          0   (incl. Padding)

    ----------------------------------------------------------------------

      Code (inc. data)   RO Data    RW Data    ZI Data      Debug   Library Name

       272         16          0          0         96        584   c_w.l
      2284        180          0          0          0       1064   fz_ws.l

    ----------------------------------------------------------------------
      2566        196          0          0         96       1648   Library Totals

    ----------------------------------------------------------------------

==============================================================================


      Code (inc. data)   RO Data    RW Data    ZI Data      Debug   

     24288        668       5612         32        736      73990   Grand Totals
     24288        668       5612         32        736      73990   ELF Image Totals
     24288        668       5612         32          0          0   ROM Totals

==============================================================================

    Total RO  Size (Code + RO Data)                29900 (  29.20kB)
    Total RW  Size (RW Data + ZI Data)               768 (   0.75kB)
    Total ROM Size (Code + RO Data + RW Data)      29932 (  29.23kB)

==============================================================================

